Archive member included to satisfy reference by file (symbol)

C:/Program Files/Raspberry Pi/Pico SDK v1.5.1/gcc-arm-none-eabi/bin/../lib/gcc/arm-none-eabi/15.2.1/thumb/v6-m/nofp\libgcc.a(_dvmd_tls.o)
                              CMakeFiles/pico_neopixel_objeto.dir/C_/Program_Files/Raspberry_Pi/Pico_SDK_v1.5.1/pico-sdk/src/rp2_common/pico_divider/divider.S.obj (__aeabi_idiv0)
C:/Program Files/Raspberry Pi/Pico SDK v1.5.1/gcc-arm-none-eabi/bin/../lib/gcc/arm-none-eabi/15.2.1/../../../../arm-none-eabi/lib/thumb/v6-m/nofp\libc.a(libc_a-calloc.o)
                              CMakeFiles/pico_neopixel_objeto.dir/C_/Program_Files/Raspberry_Pi/Pico_SDK_v1.5.1/pico-sdk/src/rp2_common/pico_malloc/pico_malloc.c.obj (calloc)
C:/Program Files/Raspberry Pi/Pico SDK v1.5.1/gcc-arm-none-eabi/bin/../lib/gcc/arm-none-eabi/15.2.1/../../../../arm-none-eabi/lib/thumb/v6-m/nofp\libc.a(libc_a-callocr.o)
                              C:/Program Files/Raspberry Pi/Pico SDK v1.5.1/gcc-arm-none-eabi/bin/../lib/gcc/arm-none-eabi/15.2.1/../../../../arm-none-eabi/lib/thumb/v6-m/nofp\libc.a(libc_a-calloc.o) (_calloc_r)
C:/Program Files/Raspberry Pi/Pico SDK v1.5.1/gcc-arm-none-eabi/bin/../lib/gcc/arm-none-eabi/15.2.1/../../../../arm-none-eabi/lib/thumb/v6-m/nofp\libc.a(libc_a-malloc.o)
                              CMakeFiles/pico_neopixel_objeto.dir/C_/Program_Files/Raspberry_Pi/Pico_SDK_v1.5.1/pico-sdk/src/rp2_common/pico_malloc/pico_malloc.c.obj (malloc)
C:/Program Files/Raspberry Pi/Pico SDK v1.5.1/gcc-arm-none-eabi/bin/../lib/gcc/arm-none-eabi/15.2.1/../../../../arm-none-eabi/lib/thumb/v6-m/nofp\libc.a(libc_a-mallocr.o)
                              C:/Program Files/Raspberry Pi/Pico SDK v1.5.1/gcc-arm-none-eabi/bin/../lib/gcc/arm-none-eabi/15.2.1/../../../../arm-none-eabi/lib/thumb/v6-m/nofp\libc.a(libc_a-callocr.o) (_malloc_r)
C:/Program Files/Raspberry Pi/Pico SDK v1.5.1/gcc-arm-none-eabi/bin/../lib/gcc/arm-none-eabi/15.2.1/../../../../arm-none-eabi/lib/thumb/v6-m/nofp\libc.a(libc_a-mlock.o)
                              C:/Program Files/Raspberry Pi/Pico SDK v1.5.1/gcc-arm-none-eabi/bin/../lib/gcc/arm-none-eabi/15.2.1/../../../../arm-none-eabi/lib/thumb/v6-m/nofp\libc.a(libc_a-mallocr.o) (__malloc_lock)
C:/Program Files/Raspberry Pi/Pico SDK v1.5.1/gcc-arm-none-eabi/bin/../lib/gcc/arm-none-eabi/15.2.1/../../../../arm-none-eabi/lib/thumb/v6-m/nofp\libc.a(libc_a-realloc.o)
                              CMakeFiles/pico_neopixel_objeto.dir/C_/Program_Files/Raspberry_Pi/Pico_SDK_v1.5.1/pico-sdk/src/rp2_common/pico_malloc/pico_malloc.c.obj (realloc)
C:/Program Files/Raspberry Pi/Pico SDK v1.5.1/gcc-arm-none-eabi/bin/../lib/gcc/arm-none-eabi/15.2.1/../../../../arm-none-eabi/lib/thumb/v6-m/nofp\libc.a(libc_a-reallocr.o)
                              C:/Program Files/Raspberry Pi/Pico SDK v1.5.1/gcc-arm-none-eabi/bin/../lib/gcc/arm-none-eabi/15.2.1/../../../../arm-none-eabi/lib/thumb/v6-m/nofp\libc.a(libc_a-realloc.o) (_realloc_r)
C:/Program Files/Raspberry Pi/Pico SDK v1.5.1/gcc-arm-none-eabi/bin/../lib/gcc/arm-none-eabi/15.2.1/../../../../arm-none-eabi/lib/thumb/v6-m/nofp\libc.a(libc_a-memmove.o)
                              C:/Program Files/Raspberry Pi/Pico SDK v1.5.1/gcc-arm-none-eabi/bin/../lib/gcc/arm-none-eabi/15.2.1/../../../../arm-none-eabi/lib/thumb/v6-m/nofp\libc.a(libc_a-reallocr.o) (memmove)
C:/Program Files/Raspberry Pi/Pico SDK v1.5.1/gcc-arm-none-eabi/bin/../lib/gcc/arm-none-eabi/15.2.1/../../../../arm-none-eabi/lib/thumb/v6-m/nofp\libc.a(libc_a-impure.o)
                              C:/Program Files/Raspberry Pi/Pico SDK v1.5.1/gcc-arm-none-eabi/bin/../lib/gcc/arm-none-eabi/15.2.1/../../../../arm-none-eabi/lib/thumb/v6-m/nofp\libc.a(libc_a-calloc.o) (_impure_ptr)
C:/Program Files/Raspberry Pi/Pico SDK v1.5.1/gcc-arm-none-eabi/bin/../lib/gcc/arm-none-eabi/15.2.1/../../../../arm-none-eabi/lib/thumb/v6-m/nofp\libc.a(libc_a-sbrkr.o)
                              C:/Program Files/Raspberry Pi/Pico SDK v1.5.1/gcc-arm-none-eabi/bin/../lib/gcc/arm-none-eabi/15.2.1/../../../../arm-none-eabi/lib/thumb/v6-m/nofp\libc.a(libc_a-mallocr.o) (_sbrk_r)
C:/Program Files/Raspberry Pi/Pico SDK v1.5.1/gcc-arm-none-eabi/bin/../lib/gcc/arm-none-eabi/15.2.1/../../../../arm-none-eabi/lib/thumb/v6-m/nofp\libc.a(libc_a-errno.o)
                              C:/Program Files/Raspberry Pi/Pico SDK v1.5.1/gcc-arm-none-eabi/bin/../lib/gcc/arm-none-eabi/15.2.1/../../../../arm-none-eabi/lib/thumb/v6-m/nofp\libc.a(libc_a-callocr.o) (__errno)
C:/Program Files/Raspberry Pi/Pico SDK v1.5.1/gcc-arm-none-eabi/bin/../lib/gcc/arm-none-eabi/15.2.1/../../../../arm-none-eabi/lib/thumb/v6-m/nofp\libc.a(libc_a-init.o)
                              C:/Program Files/Raspberry Pi/Pico SDK v1.5.1/gcc-arm-none-eabi/bin/../lib/gcc/arm-none-eabi/15.2.1/../../../../arm-none-eabi/lib/thumb/v6-m/nofp/crt0.o (__libc_init_array)
[...]
Memory Configuration

Name             Origin             Length             Attributes
FLASH            0x10000000         0x00200000         xr
RAM              0x20000000         0x00040000         xrw
SCRATCH_X        0x20040000         0x00001000         xrw
SCRATCH_Y        0x20041000         0x00001000         xrw
*default*        0x00000000         0xffffffff

Linker script and memory map

LOAD C:/Program Files/Raspberry Pi/Pico SDK v1.5.1/gcc-arm-none-eabi/bin/../lib/gcc/arm-none-eabi/15.2.1/thumb/v6-m/nofp/crti.o
LOAD C:/Program Files/Raspberry Pi/Pico SDK v1.5.1/gcc-arm-none-eabi/bin/../lib/gcc/arm-none-eabi/15.2.1/thumb/v6-m/nofp/crtbegin.o
LOAD C:/Program Files/Raspberry Pi/Pico SDK v1.5.1/gcc-arm-none-eabi/bin/../lib/gcc/arm-none-eabi/15.2.1/../../../../arm-none-eabi/lib/thumb/v6-m/nofp/crt0.o

.flash_begin    0x10000000        0x0
                0x10000000                        __flash_binary_start = .

.boot2          0x10000000      0x100
                0x10000000                        __boot2_start__ = .
 *(.boot2)
 .boot2         0x10000000      0x100 C:\Users\rocke\AppData\Local\Temp\ccYAWESb.o
                0x10000100                        __boot2_end__ = .
                0x00000001                        ASSERT (((__boot2_end__ - __boot2_start__) == 0x100), ERROR: Pico second stage bootloader must be 256 bytes in size)

.text           0x10000100     0x2e28
                0x10000100                        __logical_binary_start = .
 *(.vectors)
 .vectors       0x10000100       0xd4 CMakeFiles/pico_neopixel_objeto.dir/C_/Program_Files/Raspberry_Pi/Pico_SDK_v1.5.1/pico-sdk/src/rp2_common/pico_standard_link/crt0.S.obj
                0x10000100                __VECTOR_TABLE
                0x10000100                __vectors
                0x100001c0                isr_invalid
                0x100001c0                __default_isrs_start
                0x100001c2                isr_nmi
                0x100001c4                isr_hardfault
                0x100001c6                isr_svcall
                0x100001c8                isr_pendsv
                0x100001ca                isr_systick
                0x100001cc                isr_irq23
                0x100001cc                isr_irq18
                0x100001cc                isr_irq11
                0x100001cc                isr_irq28
                0x100001cc                isr_irq19
                0x100001cc                isr_irq0
                0x100001cc                isr_irq6
                0x100001cc                isr_irq5
                0x100001cc                isr_irq12
                0x100001cc                isr_irq22
                0x100001cc                isr_irq31
                0x100001cc                isr_irq17
                0x100001cc                isr_irq27
                0x100001cc                isr_irq30
                0x100001cc                isr_irq2
                0x100001cc                isr_irq10
                0x100001cc                isr_irq8
                0x100001cc                isr_irq24
                0x100001cc                isr_irq1
                0x100001cc                isr_irq7
                0x100001cc                isr_irq21
                0x100001cc                isr_irq20
                0x100001cc                isr_irq15
                0x100001cc                isr_irq25
                0x100001cc                isr_irq13
                0x100001cc                __unhandled_user_irq
                0x100001cc                isr_irq4
                0x100001cc                isr_irq16
                0x100001cc                isr_irq29
                0x100001cc                isr_irq26
                0x100001cc                __default_isrs_end
                0x100001cc                isr_irq3
                0x100001cc                isr_irq14
                0x100001cc                isr_irq9
                0x100001d2                unhandled_user_irq_num_in_r0
 *(.binary_info_header)
 .binary_info_header
                0x100001d4       0x14 CMakeFiles/pico_neopixel_objeto.dir/C_/Program_Files/Raspberry_Pi/Pico_SDK_v1.5.1/pico-sdk/src/rp2_common/pico_standard_link/crt0.S.obj
                0x100001e8                        __binary_info_header_end = .
 *(.reset)
 .reset         0x100001e8       0xa0 CMakeFiles/pico_neopixel_objeto.dir/C_/Program_Files/Raspberry_Pi/Pico_SDK_v1.5.1/pico-sdk/src/rp2_common/pico_standard_link/crt0.S.obj
                0x100001e8                _entry_point
 .reset         0x10000288       0x30 CMakeFiles/pico_neopixel_objeto.dir/C_/Program_Files/Raspberry_Pi/Pico_SDK_v1.5.1/pico-sdk/src/rp2_common/pico_standard_link/binary_info.c.obj
 *(.init)
 .init          0x100002b8        0x4 C:/Program Files/Raspberry Pi/Pico SDK v1.5.1/gcc-arm-none-eabi/bin/../lib/gcc/arm-none-eabi/15.2.1/thumb/v6-m/nofp/crti.o
                0x100002b8                _init
 *(EXCLUDE_FILE(*libm.a: *libc.a:*lib_a-mem*.o *libgcc.a:) .text*)
 .text.register_tm_clones
                0x100002bc       0x28 C:/Program Files/Raspberry Pi/Pico SDK v1.5.1/gcc-arm-none-eabi/bin/../lib/gcc/arm-none-eabi/15.2.1/thumb/v6-m/nofp/crtbegin.o
 .text.frame_dummy
                0x100002e4       0x24 C:/Program Files/Raspberry Pi/Pico SDK v1.5.1/gcc-arm-none-eabi/bin/../lib/gcc/arm-none-eabi/15.2.1/thumb/v6-m/nofp/crtbegin.o
 .text.startup.main
                0x10000308      0x254 CMakeFiles/pico_neopixel_objeto.dir/main.cpp.obj
                0x10000308                main
 .text._ZN11NeoPixelLedC2EjjP8pio_hw_tjb
                0x1000055c       0x34 CMakeFiles/pico_neopixel_objeto.dir/C_/Users/rocke/Dropbox/ADRIAN/MATERIAS/PiPico/SDK_Projects/Template/src/srcNeopixel/NeoPixelLed.cpp.obj
                0x1000055c                NeoPixelLed::NeoPixelLed(unsigned int, unsigned int, pio_hw_t*, unsigned int, bool)
                0x1000055c                NeoPixelLed::NeoPixelLed(unsigned int, unsigned int, pio_hw_t*, unsigned int, bool)
 .text._ZN11NeoPixelLed4showEv
                0x10000590       0x6c CMakeFiles/pico_neopixel_objeto.dir/C_/Users/rocke/Dropbox/ADRIAN/MATERIAS/PiPico/SDK_Projects/Template/src/srcNeopixel/NeoPixelLed.cpp.obj
                0x10000590                NeoPixelLed::show()
 .text._ZN11NeoPixelLed8setPixelEjRK8RgbColor
                0x100005fc       0x28 CMakeFiles/pico_neopixel_objeto.dir/C_/Users/rocke/Dropbox/ADRIAN/MATERIAS/PiPico/SDK_Projects/Template/src/srcNeopixel/NeoPixelLed.cpp.obj
                0x100005fc                NeoPixelLed::setPixel(unsigned int, RgbColor const&)
 .text._ZN11NeoPixelLed4fillEhhh
                0x10000624       0xfc CMakeFiles/pico_neopixel_objeto.dir/C_/Users/rocke/Dropbox/ADRIAN/MATERIAS/PiPico/SDK_Projects/Template/src/srcNeopixel/NeoPixelLed.cpp.obj
                0x10000624                NeoPixelLed::fill(unsigned char, unsigned char, unsigned char)
 .text._ZN11NeoPixelLed4initEv
                0x10000720      0x10c CMakeFiles/pico_neopixel_objeto.dir/C_/Users/rocke/Dropbox/ADRIAN/MATERIAS/PiPico/SDK_Projects/Template/src/srcNeopixel/NeoPixelLed.cpp.obj
                0x10000720                NeoPixelLed::init()
 .text._ZN11NeoPixelLed15setSectionColorEjjSt16initializer_listI8RgbColorEh
                0x1000082c       0xd0 CMakeFiles/pico_neopixel_objeto.dir/C_/Users/rocke/Dropbox/ADRIAN/MATERIAS/PiPico/SDK_Projects/Template/src/srcNeopixel/NeoPixelLed.cpp.obj
                0x1000082c                NeoPixelLed::setSectionColor(unsigned int, unsigned int, std::initializer_list<RgbColor>, unsigned char)
 .text._ZN11NeoPixelLed15fbLedTransitionESt16initializer_listI20LedSectionTransitionEj
                0x100008fc      0x270 CMakeFiles/pico_neopixel_objeto.dir/C_/Users/rocke/Dropbox/ADRIAN/MATERIAS/PiPico/SDK_Projects/Template/src/srcNeopixel/NeoPixelLed.cpp.obj
                0x100008fc                NeoPixelLed::fbLedTransition(std::initializer_list<LedSectionTransition>, unsigned int)
 .text.gpio_set_function
                0x10000b6c       0x2c CMakeFiles/pico_neopixel_objeto.dir/C_/Program_Files/Raspberry_Pi/Pico_SDK_v1.5.1/pico-sdk/src/rp2_common/hardware_gpio/gpio.c.obj
                0x10000b6c                gpio_set_function
 .text.running_on_fpga
                0x10000b98       0x10 CMakeFiles/pico_neopixel_objeto.dir/C_/Program_Files/Raspberry_Pi/Pico_SDK_v1.5.1/pico-sdk/src/rp2_common/pico_platform/platform.c.obj
                0x10000b98                running_on_fpga
 .text.hw_claim_lock
                0x10000ba8       0x18 CMakeFiles/pico_neopixel_objeto.dir/C_/Program_Files/Raspberry_Pi/Pico_SDK_v1.5.1/pico-sdk/src/rp2_common/hardware_claim/claim.c.obj
                0x10000ba8                hw_claim_lock
 .text.hw_claim_unlock
                0x10000bc0       0x14 CMakeFiles/pico_neopixel_objeto.dir/C_/Program_Files/Raspberry_Pi/Pico_SDK_v1.5.1/pico-sdk/src/rp2_common/hardware_claim/claim.c.obj
                0x10000bc0                hw_claim_unlock
 .text.hw_claim_or_assert
                0x10000bd4       0x50 CMakeFiles/pico_neopixel_objeto.dir/C_/Program_Files/Raspberry_Pi/Pico_SDK_v1.5.1/pico-sdk/src/rp2_common/hardware_claim/claim.c.obj
                0x10000bd4                hw_claim_or_assert
 .text.spin_locks_reset
                0x10000c24       0x1c CMakeFiles/pico_neopixel_objeto.dir/C_/Program_Files/Raspberry_Pi/Pico_SDK_v1.5.1/pico-sdk/src/rp2_common/hardware_sync/sync.c.obj
                0x10000c24                spin_locks_reset
 .text.next_striped_spin_lock_num
                0x10000c40       0x18 CMakeFiles/pico_neopixel_objeto.dir/C_/Program_Files/Raspberry_Pi/Pico_SDK_v1.5.1/pico-sdk/src/rp2_common/hardware_sync/sync.c.obj
                0x10000c40                next_striped_spin_lock_num
 .text.irq_set_enabled
                0x10000c58       0x24 CMakeFiles/pico_neopixel_objeto.dir/C_/Program_Files/Raspberry_Pi/Pico_SDK_v1.5.1/pico-sdk/src/rp2_common/hardware_irq/irq.c.obj
                0x10000c58                irq_set_enabled
 .text.irq_get_vtable_handler
                0x10000c7c       0x10 CMakeFiles/pico_neopixel_objeto.dir/C_/Program_Files/Raspberry_Pi/Pico_SDK_v1.5.1/pico-sdk/src/rp2_common/hardware_irq/irq.c.obj
                0x10000c7c                irq_get_vtable_handler
 .text.irq_set_exclusive_handler
                0x10000c8c       0x54 CMakeFiles/pico_neopixel_objeto.dir/C_/Program_Files/Raspberry_Pi/Pico_SDK_v1.5.1/pico-sdk/src/rp2_common/hardware_irq/irq.c.obj
                0x10000c8c                irq_set_exclusive_handler
 .text.irq_remove_handler
                0x10000ce0      0x1bc CMakeFiles/pico_neopixel_objeto.dir/C_/Program_Files/Raspberry_Pi/Pico_SDK_v1.5.1/pico-sdk/src/rp2_common/hardware_irq/irq.c.obj
                0x10000ce0                irq_remove_handler
 .text.irq_add_tail_to_free_list
                0x10000e9c       0xb4 CMakeFiles/pico_neopixel_objeto.dir/C_/Program_Files/Raspberry_Pi/Pico_SDK_v1.5.1/pico-sdk/src/rp2_common/hardware_irq/irq.c.obj
                0x10000e9c                irq_add_tail_to_free_list
 .text.irq_init_priorities
                0x10000f50       0x48 CMakeFiles/pico_neopixel_objeto.dir/C_/Program_Files/Raspberry_Pi/Pico_SDK_v1.5.1/pico-sdk/src/rp2_common/hardware_irq/irq.c.obj
                0x10000f50                irq_init_priorities
 .text.lock_init
                0x10000f98       0x10 CMakeFiles/pico_neopixel_objeto.dir/C_/Program_Files/Raspberry_Pi/Pico_SDK_v1.5.1/pico-sdk/src/common/pico_sync/lock_core.c.obj
                0x10000f98                lock_init
 .text.mutex_init
                0x10000fa8       0x1c CMakeFiles/pico_neopixel_objeto.dir/C_/Program_Files/Raspberry_Pi/Pico_SDK_v1.5.1/pico-sdk/src/common/pico_sync/mutex.c.obj
                0x10000fa8                mutex_init
 .text.recursive_mutex_init
                0x10000fc4       0x1c CMakeFiles/pico_neopixel_objeto.dir/C_/Program_Files/Raspberry_Pi/Pico_SDK_v1.5.1/pico-sdk/src/common/pico_sync/mutex.c.obj
                0x10000fc4                recursive_mutex_init
 .text.timer_pool_entry_comparator
                0x10000fe0       0x34 CMakeFiles/pico_neopixel_objeto.dir/C_/Program_Files/Raspberry_Pi/Pico_SDK_v1.5.1/pico-sdk/src/common/pico_time/time.c.obj
                0x10000fe0                timer_pool_entry_comparator
 .text.sleep_until_callback
                0x10001014       0x30 CMakeFiles/pico_neopixel_objeto.dir/C_/Program_Files/Raspberry_Pi/Pico_SDK_v1.5.1/pico-sdk/src/common/pico_time/time.c.obj
 .text.add_alarm_under_lock.isra.0
                0x10001044       0xfc CMakeFiles/pico_neopixel_objeto.dir/C_/Program_Files/Raspberry_Pi/Pico_SDK_v1.5.1/pico-sdk/src/common/pico_time/time.c.obj
 .text.alarm_pool_alarm_callback
                0x10001140      0x198 CMakeFiles/pico_neopixel_objeto.dir/C_/Program_Files/Raspberry_Pi/Pico_SDK_v1.5.1/pico-sdk/src/common/pico_time/time.c.obj
 .text.alarm_pool_init_default
                0x100012d8       0x6c CMakeFiles/pico_neopixel_objeto.dir/C_/Program_Files/Raspberry_Pi/Pico_SDK_v1.5.1/pico-sdk/src/common/pico_time/time.c.obj
                0x100012d8                alarm_pool_init_default
 .text.alarm_pool_add_alarm_at
                0x10001344      0x178 CMakeFiles/pico_neopixel_objeto.dir/C_/Program_Files/Raspberry_Pi/Pico_SDK_v1.5.1/pico-sdk/src/common/pico_time/time.c.obj
                0x10001344                alarm_pool_add_alarm_at
 .text.sleep_us
                0x100014bc       0xd0 CMakeFiles/pico_neopixel_objeto.dir/C_/Program_Files/Raspberry_Pi/Pico_SDK_v1.5.1/pico-sdk/src/common/pico_time/time.c.obj
                0x100014bc                sleep_us
 .text.sleep_ms
                0x1000158c       0xe0 CMakeFiles/pico_neopixel_objeto.dir/C_/Program_Files/Raspberry_Pi/Pico_SDK_v1.5.1/pico-sdk/src/common/pico_time/time.c.obj
                0x1000158c                sleep_ms
 .text.best_effort_wfe_or_timeout
                0x1000166c       0xf8 CMakeFiles/pico_neopixel_objeto.dir/C_/Program_Files/Raspberry_Pi/Pico_SDK_v1.5.1/pico-sdk/src/common/pico_time/time.c.obj
                0x1000166c                best_effort_wfe_or_timeout
 .text.hardware_alarm_irq_handler
                0x10001764       0xbc CMakeFiles/pico_neopixel_objeto.dir/C_/Program_Files/Raspberry_Pi/Pico_SDK_v1.5.1/pico-sdk/src/rp2_common/hardware_timer/timer.c.obj
 .text.hardware_alarm_claim
                0x10001820       0x18 CMakeFiles/pico_neopixel_objeto.dir/C_/Program_Files/Raspberry_Pi/Pico_SDK_v1.5.1/pico-sdk/src/rp2_common/hardware_timer/timer.c.obj
                0x10001820                hardware_alarm_claim
 .text.time_us_64
                0x10001838       0x14 CMakeFiles/pico_neopixel_objeto.dir/C_/Program_Files/Raspberry_Pi/Pico_SDK_v1.5.1/pico-sdk/src/rp2_common/hardware_timer/timer.c.obj
                0x10001838                time_us_64
 .text.busy_wait_us
                0x1000184c       0x6c CMakeFiles/pico_neopixel_objeto.dir/C_/Program_Files/Raspberry_Pi/Pico_SDK_v1.5.1/pico-sdk/src/rp2_common/hardware_timer/timer.c.obj
                0x1000184c                busy_wait_us
 .text.busy_wait_until
                0x100018b8       0x20 CMakeFiles/pico_neopixel_objeto.dir/C_/Program_Files/Raspberry_Pi/Pico_SDK_v1.5.1/pico-sdk/src/rp2_common/hardware_timer/timer.c.obj
                0x100018b8                busy_wait_until
 .text.hardware_alarm_set_callback
                0x100018d8       0x8c CMakeFiles/pico_neopixel_objeto.dir/C_/Program_Files/Raspberry_Pi/Pico_SDK_v1.5.1/pico-sdk/src/rp2_common/hardware_timer/timer.c.obj
                0x100018d8                hardware_alarm_set_callback
 .text.hardware_alarm_set_target
                0x10001964       0xd0 CMakeFiles/pico_neopixel_objeto.dir/C_/Program_Files/Raspberry_Pi/Pico_SDK_v1.5.1/pico-sdk/src/rp2_common/hardware_timer/timer.c.obj
                0x10001964                hardware_alarm_set_target
 .text.hardware_alarm_cancel
                0x10001a34       0x3c CMakeFiles/pico_neopixel_objeto.dir/C_/Program_Files/Raspberry_Pi/Pico_SDK_v1.5.1/pico-sdk/src/rp2_common/hardware_timer/timer.c.obj
                0x10001a34                hardware_alarm_cancel
 .text.ph_merge_nodes
                0x10001a70       0x50 CMakeFiles/pico_neopixel_objeto.dir/C_/Program_Files/Raspberry_Pi/Pico_SDK_v1.5.1/pico-sdk/src/common/pico_util/pheap.c.obj
 .text.ph_post_alloc_init
                0x10001ac0       0x3c CMakeFiles/pico_neopixel_objeto.dir/C_/Program_Files/Raspberry_Pi/Pico_SDK_v1.5.1/pico-sdk/src/common/pico_util/pheap.c.obj
                0x10001ac0                ph_post_alloc_init
 .text.ph_merge_two_pass
                0x10001afc       0x84 CMakeFiles/pico_neopixel_objeto.dir/C_/Program_Files/Raspberry_Pi/Pico_SDK_v1.5.1/pico-sdk/src/common/pico_util/pheap.c.obj
                0x10001afc                ph_merge_two_pass
 .text.ph_remove_any_head
                0x10001b80      0x120 CMakeFiles/pico_neopixel_objeto.dir/C_/Program_Files/Raspberry_Pi/Pico_SDK_v1.5.1/pico-sdk/src/common/pico_util/pheap.c.obj
 .text.ph_remove_head
                0x10001ca0      0x124 CMakeFiles/pico_neopixel_objeto.dir/C_/Program_Files/Raspberry_Pi/Pico_SDK_v1.5.1/pico-sdk/src/common/pico_util/pheap.c.obj
                0x10001ca0                ph_remove_head
 .text.ph_remove_and_free_node
                0x10001dc4       0x78 CMakeFiles/pico_neopixel_objeto.dir/C_/Program_Files/Raspberry_Pi/Pico_SDK_v1.5.1/pico-sdk/src/common/pico_util/pheap.c.obj
                0x10001dc4                ph_remove_and_free_node
 .text.uart_init
                0x10001e3c      0x18c CMakeFiles/pico_neopixel_objeto.dir/C_/Program_Files/Raspberry_Pi/Pico_SDK_v1.5.1/pico-sdk/src/rp2_common/hardware_uart/uart.c.obj
                0x10001e3c                uart_init
 .text.clocks_init
                0x10001fc8      0x2c8 CMakeFiles/pico_neopixel_objeto.dir/C_/Program_Files/Raspberry_Pi/Pico_SDK_v1.5.1/pico-sdk/src/rp2_common/hardware_clocks/clocks.c.obj
                0x10001fc8                clocks_init
 .text.clock_get_hz
                0x10002290        0xc CMakeFiles/pico_neopixel_objeto.dir/C_/Program_Files/Raspberry_Pi/Pico_SDK_v1.5.1/pico-sdk/src/rp2_common/hardware_clocks/clocks.c.obj
                0x10002290                clock_get_hz
 .text.pll_init
                0x1000229c       0xb0 CMakeFiles/pico_neopixel_objeto.dir/C_/Program_Files/Raspberry_Pi/Pico_SDK_v1.5.1/pico-sdk/src/rp2_common/hardware_pll/pll.c.obj
                0x1000229c                pll_init
 .text.watchdog_start_tick
                0x1000234c       0x10 CMakeFiles/pico_neopixel_objeto.dir/C_/Program_Files/Raspberry_Pi/Pico_SDK_v1.5.1/pico-sdk/src/rp2_common/hardware_watchdog/watchdog.c.obj
                0x1000234c                watchdog_start_tick
 .text.xosc_init
                0x1000235c       0x28 CMakeFiles/pico_neopixel_objeto.dir/C_/Program_Files/Raspberry_Pi/Pico_SDK_v1.5.1/pico-sdk/src/rp2_common/hardware_xosc/xosc.c.obj
                0x1000235c                xosc_init
 .text.runtime_init
                0x10002384       0xf0 CMakeFiles/pico_neopixel_objeto.dir/C_/Program_Files/Raspberry_Pi/Pico_SDK_v1.5.1/pico-sdk/src/rp2_common/pico_runtime/runtime.c.obj
                0x10002384                runtime_init
 .text._exit    0x10002474        0x4 CMakeFiles/pico_neopixel_objeto.dir/C_/Program_Files/Raspberry_Pi/Pico_SDK_v1.5.1/pico-sdk/src/rp2_common/pico_runtime/runtime.c.obj
                0x10002474                _exit
 .text.exit     0x10002478        0x8 CMakeFiles/pico_neopixel_objeto.dir/C_/Program_Files/Raspberry_Pi/Pico_SDK_v1.5.1/pico-sdk/src/rp2_common/pico_runtime/runtime.c.obj
                0x10002478                exit
 .text.panic    0x10002480       0x30 CMakeFiles/pico_neopixel_objeto.dir/C_/Program_Files/Raspberry_Pi/Pico_SDK_v1.5.1/pico-sdk/src/rp2_common/pico_runtime/runtime.c.obj
                0x10002480                panic
 .text.hard_assertion_failure
                0x100024b0        0xc CMakeFiles/pico_neopixel_objeto.dir/C_/Program_Files/Raspberry_Pi/Pico_SDK_v1.5.1/pico-sdk/src/rp2_common/pico_runtime/runtime.c.obj
                0x100024b0                hard_assertion_failure
 .text._out_char
                0x100024bc       0x10 CMakeFiles/pico_neopixel_objeto.dir/C_/Program_Files/Raspberry_Pi/Pico_SDK_v1.5.1/pico-sdk/src/rp2_common/pico_printf/printf.c.obj
 .text.weak_raw_vprintf
                0x100024cc       0x30 CMakeFiles/pico_neopixel_objeto.dir/C_/Program_Files/Raspberry_Pi/Pico_SDK_v1.5.1/pico-sdk/src/rp2_common/pico_printf/printf.c.obj
                0x100024cc                weak_raw_vprintf
 .text          0x100024fc       0x10 CMakeFiles/pico_neopixel_objeto.dir/C_/Program_Files/Raspberry_Pi/Pico_SDK_v1.5.1/pico-sdk/src/rp2_common/pico_bit_ops/bit_ops_aeabi.S.obj
 .text.rom_func_lookup
                0x1000250c       0x10 CMakeFiles/pico_neopixel_objeto.dir/C_/Program_Files/Raspberry_Pi/Pico_SDK_v1.5.1/pico-sdk/src/rp2_common/pico_bootrom/bootrom.c.obj
                0x1000250c                rom_func_lookup
 .text.rom_data_lookup
                0x1000251c       0x10 CMakeFiles/pico_neopixel_objeto.dir/C_/Program_Files/Raspberry_Pi/Pico_SDK_v1.5.1/pico-sdk/src/rp2_common/pico_bootrom/bootrom.c.obj
                0x1000251c                rom_data_lookup
 .text.rom_funcs_lookup
                0x1000252c       0x44 CMakeFiles/pico_neopixel_objeto.dir/C_/Program_Files/Raspberry_Pi/Pico_SDK_v1.5.1/pico-sdk/src/rp2_common/pico_bootrom/bootrom.c.obj
                0x1000252c                rom_funcs_lookup
 .text.__wrap___aeabi_uidiv
                0x10002570       0x4c CMakeFiles/pico_neopixel_objeto.dir/C_/Program_Files/Raspberry_Pi/Pico_SDK_v1.5.1/pico-sdk/src/rp2_common/pico_divider/divider.S.obj
                0x10002570                __wrap___aeabi_uidiv
                0x10002570                __wrap___aeabi_uidivmod
                0x10002570                div_u32u32
                0x10002570                divmod_u32u32
                0x10002578                divmod_u32u32_unsafe
                0x100025a0                divmod_u32u32_savestate
 .text.__aeabi_double_init
                0x100025bc       0x98 CMakeFiles/pico_neopixel_objeto.dir/C_/Program_Files/Raspberry_Pi/Pico_SDK_v1.5.1/pico-sdk/src/rp2_common/pico_double/double_init_rom.c.obj
                0x100025bc                __aeabi_double_init
 .text.double_table_shim_on_use_helper
                0x10002654       0x2c CMakeFiles/pico_neopixel_objeto.dir/C_/Program_Files/Raspberry_Pi/Pico_SDK_v1.5.1/pico-sdk/src/rp2_common/pico_double/double_v1_rom_shim.S.obj
                0x10002654                double_table_shim_on_use_helper
 .text.__aeabi_lmul
                0x10002680       0x32 CMakeFiles/pico_neopixel_objeto.dir/C_/Program_Files/Raspberry_Pi/Pico_SDK_v1.5.1/pico-sdk/src/rp2_common/pico_int64_ops/pico_int64_ops_aeabi.S.obj
                0x10002680                __wrap___aeabi_lmul
 *fill*         0x100026b2        0x2 
 .text.__wrap___aeabi_farithmetic
                0x100026b4       0x48 CMakeFiles/pico_neopixel_objeto.dir/C_/Program_Files/Raspberry_Pi/Pico_SDK_v1.5.1/pico-sdk/src/rp2_common/pico_float/float_aeabi.S.obj
                0x100026b4                __wrap___aeabi_frsub
                0x100026ba                __wrap___aeabi_fsub
                0x100026c0                __wrap___aeabi_fadd
                0x100026c6                __wrap___aeabi_fdiv
                0x100026ee                __wrap___aeabi_fmul
 .text.__wrap___aeabi_ui2f
                0x100026fc        0xa CMakeFiles/pico_neopixel_objeto.dir/C_/Program_Files/Raspberry_Pi/Pico_SDK_v1.5.1/pico-sdk/src/rp2_common/pico_float/float_aeabi.S.obj
                0x100026fc                __wrap___aeabi_ui2f
 *fill*         0x10002706        0x2 
 .text.__wrap___aeabi_i2f
                0x10002708       0x44 CMakeFiles/pico_neopixel_objeto.dir/C_/Program_Files/Raspberry_Pi/Pico_SDK_v1.5.1/pico-sdk/src/rp2_common/pico_float/float_aeabi.S.obj
                0x10002708                __wrap___aeabi_i2f
 .text.__wrap___aeabi_f2uiz
                0x1000274c        0xc CMakeFiles/pico_neopixel_objeto.dir/C_/Program_Files/Raspberry_Pi/Pico_SDK_v1.5.1/pico-sdk/src/rp2_common/pico_float/float_aeabi.S.obj
                0x1000274c                __wrap___aeabi_f2uiz
 .text.__aeabi_float_init
                0x10002758       0x68 CMakeFiles/pico_neopixel_objeto.dir/C_/Program_Files/Raspberry_Pi/Pico_SDK_v1.5.1/pico-sdk/src/rp2_common/pico_float/float_init_rom.c.obj
                0x10002758                __aeabi_float_init
 .text.float_table_shim_on_use_helper
                0x100027c0       0x2c CMakeFiles/pico_neopixel_objeto.dir/C_/Program_Files/Raspberry_Pi/Pico_SDK_v1.5.1/pico-sdk/src/rp2_common/pico_float/float_v1_rom_shim.S.obj
                0x100027c0                float_table_shim_on_use_helper
 .text          0x100027ec       0x10 CMakeFiles/pico_neopixel_objeto.dir/C_/Program_Files/Raspberry_Pi/Pico_SDK_v1.5.1/pico-sdk/src/rp2_common/pico_mem_ops/mem_ops_aeabi.S.obj
                0x100027ec                __aeabi_mem_init
 .text.memset   0x100027fc        0xc CMakeFiles/pico_neopixel_objeto.dir/C_/Program_Files/Raspberry_Pi/Pico_SDK_v1.5.1/pico-sdk/src/rp2_common/pico_mem_ops/mem_ops_aeabi.S.obj
                0x100027fc                __wrap_memset
 .text.memcpy   0x10002808        0xc CMakeFiles/pico_neopixel_objeto.dir/C_/Program_Files/Raspberry_Pi/Pico_SDK_v1.5.1/pico-sdk/src/rp2_common/pico_mem_ops/mem_ops_aeabi.S.obj
                0x10002808                __wrap_memcpy
                0x10002808                __wrap___aeabi_memcpy
 .text.stdio_out_chars_crlf
                0x10002814       0x90 CMakeFiles/pico_neopixel_objeto.dir/C_/Program_Files/Raspberry_Pi/Pico_SDK_v1.5.1/pico-sdk/src/rp2_common/pico_stdio/stdio.c.obj
 .text.__wrap_putchar
                0x100028a4       0x94 CMakeFiles/pico_neopixel_objeto.dir/C_/Program_Files/Raspberry_Pi/Pico_SDK_v1.5.1/pico-sdk/src/rp2_common/pico_stdio/stdio.c.obj
                0x100028a4                __wrap_putchar
 .text.__wrap_puts
                0x10002938       0xcc CMakeFiles/pico_neopixel_objeto.dir/C_/Program_Files/Raspberry_Pi/Pico_SDK_v1.5.1/pico-sdk/src/rp2_common/pico_stdio/stdio.c.obj
                0x10002938                __wrap_puts
 .text.stdio_set_driver_enabled
                0x10002a04       0x30 CMakeFiles/pico_neopixel_objeto.dir/C_/Program_Files/Raspberry_Pi/Pico_SDK_v1.5.1/pico-sdk/src/rp2_common/pico_stdio/stdio.c.obj
                0x10002a04                stdio_set_driver_enabled
 .text.stdio_init_all
                0x10002a34        0xc CMakeFiles/pico_neopixel_objeto.dir/C_/Program_Files/Raspberry_Pi/Pico_SDK_v1.5.1/pico-sdk/src/rp2_common/pico_stdio/stdio.c.obj
                0x10002a34                stdio_init_all
 .text.stdio_uart_out_chars
                0x10002a40       0x4c CMakeFiles/pico_neopixel_objeto.dir/C_/Program_Files/Raspberry_Pi/Pico_SDK_v1.5.1/pico-sdk/src/rp2_common/pico_stdio_uart/stdio_uart.c.obj
 .text.stdio_uart_in_chars
                0x10002a8c       0x94 CMakeFiles/pico_neopixel_objeto.dir/C_/Program_Files/Raspberry_Pi/Pico_SDK_v1.5.1/pico-sdk/src/rp2_common/pico_stdio_uart/stdio_uart.c.obj
                0x10002a8c                stdio_uart_in_chars
 .text.on_uart_rx
                0x10002b20       0x28 CMakeFiles/pico_neopixel_objeto.dir/C_/Program_Files/Raspberry_Pi/Pico_SDK_v1.5.1/pico-sdk/src/rp2_common/pico_stdio_uart/stdio_uart.c.obj
 .text.stdio_uart_set_chars_available_callback
                0x10002b48       0x88 CMakeFiles/pico_neopixel_objeto.dir/C_/Program_Files/Raspberry_Pi/Pico_SDK_v1.5.1/pico-sdk/src/rp2_common/pico_stdio_uart/stdio_uart.c.obj
 .text.stdio_uart_init
                0x10002bd0       0x48 CMakeFiles/pico_neopixel_objeto.dir/C_/Program_Files/Raspberry_Pi/Pico_SDK_v1.5.1/pico-sdk/src/rp2_common/pico_stdio_uart/stdio_uart.c.obj
                0x10002bd0                stdio_uart_init
 .text.pio_can_add_program
                0x10002c18       0x64 CMakeFiles/pico_neopixel_objeto.dir/C_/Program_Files/Raspberry_Pi/Pico_SDK_v1.5.1/pico-sdk/src/rp2_common/hardware_pio/pio.c.obj
                0x10002c18                pio_can_add_program
 .text.pio_add_program
                0x10002c7c       0xd0 CMakeFiles/pico_neopixel_objeto.dir/C_/Program_Files/Raspberry_Pi/Pico_SDK_v1.5.1/pico-sdk/src/rp2_common/hardware_pio/pio.c.obj
                0x10002c7c                pio_add_program
 .text.pio_sm_set_consecutive_pindirs
                0x10002d4c       0xa8 CMakeFiles/pico_neopixel_objeto.dir/C_/Program_Files/Raspberry_Pi/Pico_SDK_v1.5.1/pico-sdk/src/rp2_common/hardware_pio/pio.c.obj
                0x10002d4c                pio_sm_set_consecutive_pindirs
 .text.pio_sm_init
                0x10002df4       0x9c CMakeFiles/pico_neopixel_objeto.dir/C_/Program_Files/Raspberry_Pi/Pico_SDK_v1.5.1/pico-sdk/src/rp2_common/hardware_pio/pio.c.obj
                0x10002df4                pio_sm_init
 .text.strlen   0x10002e90       0x60 C:/Program Files/Raspberry Pi/Pico SDK v1.5.1/gcc-arm-none-eabi/bin/../lib/gcc/arm-none-eabi/15.2.1/../../../../arm-none-eabi/lib/thumb/v6-m/nofp\libc.a(libc_a-strlen-stub.o)
                0x10002e90                strlen
 *(.fini)
 .fini          0x10002ef0        0x4 C:/Program Files/Raspberry Pi/Pico SDK v1.5.1/gcc-arm-none-eabi/bin/../lib/gcc/arm-none-eabi/15.2.1/thumb/v6-m/nofp/crti.o
                0x10002ef0                _fini
 *fill*         0x10002ef4        0x4 
 .fini.__stub   0x10002ef8       0x30 linker stubs
 *crtbegin.o(.ctors)
 *crtbegin?.o(.ctors)
 *(EXCLUDE_FILE(*crtend.o *crtend?.o) .ctors)
 *(SORT_BY_NAME(.ctors.*))
 *(.ctors)
 *crtbegin.o(.dtors)
 *crtbegin?.o(.dtors)
 *(EXCLUDE_FILE(*crtend.o *crtend?.o) .dtors)
 *(SORT_BY_NAME(.dtors.*))
 *(.dtors)
 *(.eh_frame*)
 .eh_frame      0x10002f28        0x0 C:/Program Files/Raspberry Pi/Pico SDK v1.5.1/gcc-arm-none-eabi/bin/../lib/gcc/arm-none-eabi/15.2.1/thumb/v6-m/nofp/crtbegin.o
                0x10002f28                        . = ALIGN (0x4)

.glue_7         0x10002f28        0x0
 .glue_7        0x10002f28        0x0 linker stubs

.glue_7t        0x10002f28        0x0
 .glue_7t       0x10002f28        0x0 linker stubs

.vfp11_veneer   0x10002f28        0x0
 .vfp11_veneer  0x10002f28        0x0 linker stubs

.v4_bx          0x10002f28        0x0
 .v4_bx         0x10002f28        0x0 linker stubs

.iplt           0x10002f28        0x0
 .iplt          0x10002f28        0x0 C:/Program Files/Raspberry Pi/Pico SDK v1.5.1/gcc-arm-none-eabi/bin/../lib/gcc/arm-none-eabi/15.2.1/thumb/v6-m/nofp/crtbegin.o

.rodata         0x10002f28      0x148
 *(EXCLUDE_FILE(*libm.a: *libc.a:*lib_a-mem*.o *libgcc.a:) .rodata*)
 .rodata._ZL14ws2812_program
                0x10002f28        0x6 CMakeFiles/pico_neopixel_objeto.dir/C_/Users/rocke/Dropbox/ADRIAN/MATERIAS/PiPico/SDK_Projects/Template/src/srcNeopixel/NeoPixelLed.cpp.obj
 *fill*         0x10002f2e        0x2 
 .rodata._ZL27ws2812_program_instructions
                0x10002f30        0x8 CMakeFiles/pico_neopixel_objeto.dir/C_/Users/rocke/Dropbox/ADRIAN/MATERIAS/PiPico/SDK_Projects/Template/src/srcNeopixel/NeoPixelLed.cpp.obj
 .rodata._ZN6Colors6VioletE
                0x10002f38        0x3 CMakeFiles/pico_neopixel_objeto.dir/C_/Users/rocke/Dropbox/ADRIAN/MATERIAS/PiPico/SDK_Projects/Template/src/srcNeopixel/colores/ColorPalette.cpp.obj
                0x10002f38                Colors::Violet
 *fill*         0x10002f3b        0x1 
 .rodata._ZN6Colors5BrownE
                0x10002f3c        0x3 CMakeFiles/pico_neopixel_objeto.dir/C_/Users/rocke/Dropbox/ADRIAN/MATERIAS/PiPico/SDK_Projects/Template/src/srcNeopixel/colores/ColorPalette.cpp.obj
                0x10002f3c                Colors::Brown
 *fill*         0x10002f3f        0x1 
 .rodata._ZN6Colors6OrangeE
                0x10002f40        0x3 CMakeFiles/pico_neopixel_objeto.dir/C_/Users/rocke/Dropbox/ADRIAN/MATERIAS/PiPico/SDK_Projects/Template/src/srcNeopixel/colores/ColorPalette.cpp.obj
                0x10002f40                Colors::Orange
 *fill*         0x10002f43        0x1 
 .rodata._ZN6Colors7MagentaE
                0x10002f44        0x3 CMakeFiles/pico_neopixel_objeto.dir/C_/Users/rocke/Dropbox/ADRIAN/MATERIAS/PiPico/SDK_Projects/Template/src/srcNeopixel/colores/ColorPalette.cpp.obj
                0x10002f44                Colors::Magenta
 *fill*         0x10002f47        0x1 
 .rodata._ZN6Colors4CyanE
                0x10002f48        0x3 CMakeFiles/pico_neopixel_objeto.dir/C_/Users/rocke/Dropbox/ADRIAN/MATERIAS/PiPico/SDK_Projects/Template/src/srcNeopixel/colores/ColorPalette.cpp.obj
                0x10002f48                Colors::Cyan
 *fill*         0x10002f4b        0x1 
 .rodata._ZN6Colors6YellowE
                0x10002f4c        0x3 CMakeFiles/pico_neopixel_objeto.dir/C_/Users/rocke/Dropbox/ADRIAN/MATERIAS/PiPico/SDK_Projects/Template/src/srcNeopixel/colores/ColorPalette.cpp.obj
                0x10002f4c                Colors::Yellow
 *fill*         0x10002f4f        0x1 
 .rodata._ZN6Colors3OffE
                0x10002f50        0x3 CMakeFiles/pico_neopixel_objeto.dir/C_/Users/rocke/Dropbox/ADRIAN/MATERIAS/PiPico/SDK_Projects/Template/src/srcNeopixel/colores/ColorPalette.cpp.obj
                0x10002f50                Colors::Off
 *fill*         0x10002f53        0x1 
 .rodata._ZN6Colors5WhiteE
                0x10002f54        0x3 CMakeFiles/pico_neopixel_objeto.dir/C_/Users/rocke/Dropbox/ADRIAN/MATERIAS/PiPico/SDK_Projects/Template/src/srcNeopixel/colores/ColorPalette.cpp.obj
                0x10002f54                Colors::White
 *fill*         0x10002f57        0x1 
 .rodata._ZN6Colors4BlueE
                0x10002f58        0x3 CMakeFiles/pico_neopixel_objeto.dir/C_/Users/rocke/Dropbox/ADRIAN/MATERIAS/PiPico/SDK_Projects/Template/src/srcNeopixel/colores/ColorPalette.cpp.obj
                0x10002f58                Colors::Blue
 *fill*         0x10002f5b        0x1 
 .rodata._ZN6Colors5GreenE
                0x10002f5c        0x3 CMakeFiles/pico_neopixel_objeto.dir/C_/Users/rocke/Dropbox/ADRIAN/MATERIAS/PiPico/SDK_Projects/Template/src/srcNeopixel/colores/ColorPalette.cpp.obj
                0x10002f5c                Colors::Green
 *fill*         0x10002f5f        0x1 
 .rodata._ZN6Colors3RedE
                0x10002f60        0x3 CMakeFiles/pico_neopixel_objeto.dir/C_/Users/rocke/Dropbox/ADRIAN/MATERIAS/PiPico/SDK_Projects/Template/src/srcNeopixel/colores/ColorPalette.cpp.obj
                0x10002f60                Colors::Red
 *fill*         0x10002f63        0x1 
 .rodata.hardware_alarm_claim.str1.4
                0x10002f64       0xcd CMakeFiles/pico_neopixel_objeto.dir/C_/Program_Files/Raspberry_Pi/Pico_SDK_v1.5.1/pico-sdk/src/rp2_common/hardware_timer/timer.c.obj
                                 0x22 (size before relaxing)
 .rodata.panic.str1.4
                0x10003031        0x0 CMakeFiles/pico_neopixel_objeto.dir/C_/Program_Files/Raspberry_Pi/Pico_SDK_v1.5.1/pico-sdk/src/rp2_common/pico_runtime/runtime.c.obj
                                 0x12 (size before relaxing)
 .rodata.hard_assertion_failure.str1.4
                0x10003031        0x0 CMakeFiles/pico_neopixel_objeto.dir/C_/Program_Files/Raspberry_Pi/Pico_SDK_v1.5.1/pico-sdk/src/rp2_common/pico_runtime/runtime.c.obj
                                  0xc (size before relaxing)
 .rodata.str1.4
                0x10003031        0x0 CMakeFiles/pico_neopixel_objeto.dir/C_/Program_Files/Raspberry_Pi/Pico_SDK_v1.5.1/pico-sdk/src/rp2_common/pico_standard_link/binary_info.c.obj
                                 0x4c (size before relaxing)
 *fill*         0x10003031        0x3 
 .rodata.__bi_81
                0x10003034        0xc CMakeFiles/pico_neopixel_objeto.dir/C_/Program_Files/Raspberry_Pi/Pico_SDK_v1.5.1/pico-sdk/src/rp2_common/pico_standard_link/binary_info.c.obj
 .rodata.__bi_75
                0x10003040        0xc CMakeFiles/pico_neopixel_objeto.dir/C_/Program_Files/Raspberry_Pi/Pico_SDK_v1.5.1/pico-sdk/src/rp2_common/pico_standard_link/binary_info.c.obj
 .rodata.__bi_44
                0x1000304c        0xc CMakeFiles/pico_neopixel_objeto.dir/C_/Program_Files/Raspberry_Pi/Pico_SDK_v1.5.1/pico-sdk/src/rp2_common/pico_standard_link/binary_info.c.obj
 .rodata.crlf_str.0
                0x10003058        0x2 CMakeFiles/pico_neopixel_objeto.dir/C_/Program_Files/Raspberry_Pi/Pico_SDK_v1.5.1/pico-sdk/src/rp2_common/pico_stdio/stdio.c.obj
 .rodata.str1.4
                0x1000305a        0x0 CMakeFiles/pico_neopixel_objeto.dir/C_/Program_Files/Raspberry_Pi/Pico_SDK_v1.5.1/pico-sdk/src/rp2_common/pico_stdio_uart/stdio_uart.c.obj
                                 0x2c (size before relaxing)
 *fill*         0x1000305a        0x2 
 .rodata.__bi_33.4
                0x1000305c        0xc CMakeFiles/pico_neopixel_objeto.dir/C_/Program_Files/Raspberry_Pi/Pico_SDK_v1.5.1/pico-sdk/src/rp2_common/pico_stdio_uart/stdio_uart.c.obj
 .rodata.__bi_34.5
                0x10003068        0x8 CMakeFiles/pico_neopixel_objeto.dir/C_/Program_Files/Raspberry_Pi/Pico_SDK_v1.5.1/pico-sdk/src/rp2_common/pico_stdio_uart/stdio_uart.c.obj
 .rodata.pio_add_program.str1.4
                0x10003070        0x0 CMakeFiles/pico_neopixel_objeto.dir/C_/Program_Files/Raspberry_Pi/Pico_SDK_v1.5.1/pico-sdk/src/rp2_common/hardware_pio/pio.c.obj
                                 0x11 (size before relaxing)
                0x10003070                        . = ALIGN (0x4)
 *(SORT_BY_ALIGNMENT(SORT_BY_NAME(.flashdata*)))
                0x10003070                        . = ALIGN (0x4)

.ARM.extab
 *(.ARM.extab* .gnu.linkonce.armextab.*)
                0x10003070                        __exidx_start = .

.ARM.exidx
 *(.ARM.exidx* .gnu.linkonce.armexidx.*)
                0x10003070                        __exidx_end = .
                0x10003070                        . = ALIGN (0x4)
                0x10003070                        __binary_info_start = .

.binary_info    0x10003070       0x24
 *(.binary_info.keep.*)
 .binary_info.keep.__bi_ptr81
                0x10003070        0x4 CMakeFiles/pico_neopixel_objeto.dir/C_/Program_Files/Raspberry_Pi/Pico_SDK_v1.5.1/pico-sdk/src/rp2_common/pico_standard_link/binary_info.c.obj
 .binary_info.keep.__bi_ptr75
                0x10003074        0x4 CMakeFiles/pico_neopixel_objeto.dir/C_/Program_Files/Raspberry_Pi/Pico_SDK_v1.5.1/pico-sdk/src/rp2_common/pico_standard_link/binary_info.c.obj
 .binary_info.keep.__bi_ptr50
                0x10003078        0x4 CMakeFiles/pico_neopixel_objeto.dir/C_/Program_Files/Raspberry_Pi/Pico_SDK_v1.5.1/pico-sdk/src/rp2_common/pico_standard_link/binary_info.c.obj
 .binary_info.keep.__bi_ptr44
                0x1000307c        0x4 CMakeFiles/pico_neopixel_objeto.dir/C_/Program_Files/Raspberry_Pi/Pico_SDK_v1.5.1/pico-sdk/src/rp2_common/pico_standard_link/binary_info.c.obj
 .binary_info.keep.__bi_ptr38
                0x10003080        0x4 CMakeFiles/pico_neopixel_objeto.dir/C_/Program_Files/Raspberry_Pi/Pico_SDK_v1.5.1/pico-sdk/src/rp2_common/pico_standard_link/binary_info.c.obj
 .binary_info.keep.__bi_ptr30
                0x10003084        0x4 CMakeFiles/pico_neopixel_objeto.dir/C_/Program_Files/Raspberry_Pi/Pico_SDK_v1.5.1/pico-sdk/src/rp2_common/pico_standard_link/binary_info.c.obj
 .binary_info.keep.__bi_ptr22
                0x10003088        0x4 CMakeFiles/pico_neopixel_objeto.dir/C_/Program_Files/Raspberry_Pi/Pico_SDK_v1.5.1/pico-sdk/src/rp2_common/pico_standard_link/binary_info.c.obj
 *(.binary_info.*)
 .binary_info.__bi_ptr34
                0x1000308c        0x4 CMakeFiles/pico_neopixel_objeto.dir/C_/Program_Files/Raspberry_Pi/Pico_SDK_v1.5.1/pico-sdk/src/rp2_common/pico_stdio_uart/stdio_uart.c.obj
 .binary_info.__bi_ptr33
                0x10003090        0x4 CMakeFiles/pico_neopixel_objeto.dir/C_/Program_Files/Raspberry_Pi/Pico_SDK_v1.5.1/pico-sdk/src/rp2_common/pico_stdio_uart/stdio_uart.c.obj
                0x10003094                        __binary_info_end = .

.rel.dyn        0x10003094        0x0
 .rel.iplt      0x10003094        0x0 C:/Program Files/Raspberry Pi/Pico SDK v1.5.1/gcc-arm-none-eabi/bin/../lib/gcc/arm-none-eabi/15.2.1/thumb/v6-m/nofp/crtbegin.o
                0x10003094                        . = ALIGN (0x4)

.ram_vector_table
                0x20000000       0xc0
 *(.ram_vector_table)
 .ram_vector_table
                0x20000000       0xc0 CMakeFiles/pico_neopixel_objeto.dir/C_/Program_Files/Raspberry_Pi/Pico_SDK_v1.5.1/pico-sdk/src/rp2_common/pico_runtime/runtime.c.obj
                0x20000000                ram_vector_table

.data           0x200000c0      0x1a4 load address 0x10003094
                0x200000c0                        __data_start__ = .
 *(vtable)
 *(.time_critical*)
 .time_critical.mutex_try_enter_block_until
                0x200000c0       0x98 CMakeFiles/pico_neopixel_objeto.dir/C_/Program_Files/Raspberry_Pi/Pico_SDK_v1.5.1/pico-sdk/src/common/pico_sync/mutex.c.obj
                0x200000c0                mutex_try_enter_block_until
 .time_critical.mutex_exit
                0x20000158       0x28 CMakeFiles/pico_neopixel_objeto.dir/C_/Program_Files/Raspberry_Pi/Pico_SDK_v1.5.1/pico-sdk/src/common/pico_sync/mutex.c.obj
                0x20000158                mutex_exit
 *(.text*)
 .text          0x20000180        0x4 C:/Program Files/Raspberry Pi/Pico SDK v1.5.1/gcc-arm-none-eabi/bin/../lib/gcc/arm-none-eabi/15.2.1/thumb/v6-m/nofp\libgcc.a(_dvmd_tls.o)
                0x20000180                __aeabi_idiv0
                0x20000180                __aeabi_ldiv0
 *fill*         0x20000184        0x4 
 .text.__stub   0x20000188       0x10 linker stubs
                0x20000198                        . = ALIGN (0x4)
 *(.rodata*)
                0x20000198                        . = ALIGN (0x4)
 *(.data*)
 .data.striped_spin_lock_num
                0x20000198        0x1 CMakeFiles/pico_neopixel_objeto.dir/C_/Program_Files/Raspberry_Pi/Pico_SDK_v1.5.1/pico-sdk/src/rp2_common/hardware_sync/sync.c.obj
 *fill*         0x20000199        0x3 
 .data          0x2000019c       0x48 CMakeFiles/pico_neopixel_objeto.dir/C_/Program_Files/Raspberry_Pi/Pico_SDK_v1.5.1/pico-sdk/src/rp2_common/hardware_irq/irq_handler_chain.S.obj
                0x2000019c                irq_handler_chain_slots
                0x200001cc                irq_handler_chain_first_slot
                0x200001d6                irq_handler_chain_remove_tail
 .data.default_alarm_pool
                0x200001e4       0x18 CMakeFiles/pico_neopixel_objeto.dir/C_/Program_Files/Raspberry_Pi/Pico_SDK_v1.5.1/pico-sdk/src/common/pico_time/time.c.obj
 .data.default_alarm_pool_heap
                0x200001fc       0x10 CMakeFiles/pico_neopixel_objeto.dir/C_/Program_Files/Raspberry_Pi/Pico_SDK_v1.5.1/pico-sdk/src/common/pico_time/time.c.obj
 *fill*         0x2000020c        0x4 
 .data.aeabi_bits_funcs
                0x20000210       0x10 CMakeFiles/pico_neopixel_objeto.dir/C_/Program_Files/Raspberry_Pi/Pico_SDK_v1.5.1/pico-sdk/src/rp2_common/pico_bit_ops/bit_ops_aeabi.S.obj
                0x20000210                aeabi_bits_funcs
                0x20000220                aeabi_bits_funcs_end
 .data.aeabi_mem_funcs
                0x20000220       0x10 CMakeFiles/pico_neopixel_objeto.dir/C_/Program_Files/Raspberry_Pi/Pico_SDK_v1.5.1/pico-sdk/src/rp2_common/pico_mem_ops/mem_ops_aeabi.S.obj
                0x20000220                aeabi_mem_funcs
                0x20000230                aeabi_mem_funcs_end
 .data.stdio_uart
                0x20000230       0x18 CMakeFiles/pico_neopixel_objeto.dir/C_/Program_Files/Raspberry_Pi/Pico_SDK_v1.5.1/pico-sdk/src/rp2_common/pico_stdio_uart/stdio_uart.c.obj
                0x20000230                stdio_uart
                0x20000248                        . = ALIGN (0x4)
 *(.after_data.*)
                0x20000248                        . = ALIGN (0x4)
                0x20000248                        PROVIDE (__mutex_array_start = .)
 *(SORT_BY_NAME(.mutex_array.*))
 *(.mutex_array)
 .mutex_array   0x20000248        0x8 CMakeFiles/pico_neopixel_objeto.dir/C_/Program_Files/Raspberry_Pi/Pico_SDK_v1.5.1/pico-sdk/src/rp2_common/pico_stdio/stdio.c.obj
                0x20000250                        PROVIDE (__mutex_array_end = .)
                0x20000250                        . = ALIGN (0x4)
                0x20000250                        PROVIDE (__preinit_array_start = .)
 *(SORT_BY_NAME(.preinit_array.*))
 .preinit_array.00001
                0x20000250        0x4 CMakeFiles/pico_neopixel_objeto.dir/C_/Program_Files/Raspberry_Pi/Pico_SDK_v1.5.1/pico-sdk/src/rp2_common/pico_mem_ops/mem_ops_aeabi.S.obj
 .preinit_array.00010
                0x20000254        0x4 CMakeFiles/pico_neopixel_objeto.dir/C_/Program_Files/Raspberry_Pi/Pico_SDK_v1.5.1/pico-sdk/src/rp2_common/pico_bit_ops/bit_ops_aeabi.S.obj
 .preinit_array.00020
                0x20000258        0x4 CMakeFiles/pico_neopixel_objeto.dir/C_/Program_Files/Raspberry_Pi/Pico_SDK_v1.5.1/pico-sdk/src/rp2_common/pico_double/double_aeabi.S.obj
 .preinit_array.00020
                0x2000025c        0x4 CMakeFiles/pico_neopixel_objeto.dir/C_/Program_Files/Raspberry_Pi/Pico_SDK_v1.5.1/pico-sdk/src/rp2_common/pico_float/float_aeabi.S.obj
 *(.preinit_array)
                0x20000260                        PROVIDE (__preinit_array_end = .)
                0x20000260                        . = ALIGN (0x4)
                0x20000260                        PROVIDE (__init_array_start = .)
 *(SORT_BY_NAME(.init_array.*))
 *(.init_array)
 .init_array    0x20000260        0x4 C:/Program Files/Raspberry Pi/Pico SDK v1.5.1/gcc-arm-none-eabi/bin/../lib/gcc/arm-none-eabi/15.2.1/thumb/v6-m/nofp/crtbegin.o
                0x20000264                        PROVIDE (__init_array_end = .)
                0x20000264                        . = ALIGN (0x4)
                [!provide]                        PROVIDE (__fini_array_start = .)
 *(SORT_BY_NAME(.fini_array.*))
 *(.fini_array)
                [!provide]                        PROVIDE (__fini_array_end = .)
 *(.jcr)
                0x20000264                        . = ALIGN (0x4)
                0x20000264                        __data_end__ = .
                0x10003094                        __etext = LOADADDR (.data)

.tm_clone_table
                0x20000264        0x0 load address 0x10003238
 .tm_clone_table
                0x20000264        0x0 C:/Program Files/Raspberry Pi/Pico SDK v1.5.1/gcc-arm-none-eabi/bin/../lib/gcc/arm-none-eabi/15.2.1/thumb/v6-m/nofp/crtbegin.o
 .tm_clone_table
                0x20000264        0x0 C:/Program Files/Raspberry Pi/Pico SDK v1.5.1/gcc-arm-none-eabi/bin/../lib/gcc/arm-none-eabi/15.2.1/thumb/v6-m/nofp/crtend.o

.igot.plt       0x20000264        0x0 load address 0x10003238
 .igot.plt      0x20000264        0x0 C:/Program Files/Raspberry Pi/Pico SDK v1.5.1/gcc-arm-none-eabi/bin/../lib/gcc/arm-none-eabi/15.2.1/thumb/v6-m/nofp/crtbegin.o

.uninitialized_data
                0x20000264        0x0 load address 0x10003238
                0x20000264                        . = ALIGN (0x4)
 *(.uninitialized_data*)

.scratch_x      0x20040000        0x0 load address 0x10003238
                0x20040000                        __scratch_x_start__ = .
 *(.scratch_x.*)
                0x20040000                        . = ALIGN (0x4)
                0x20040000                        __scratch_x_end__ = .
                0x10003238                        __scratch_x_source__ = LOADADDR (.scratch_x)

.scratch_y      0x20041000        0x0 load address 0x10003238
                0x20041000                        __scratch_y_start__ = .
 *(.scratch_y.*)
                0x20041000                        . = ALIGN (0x4)
                0x20041000                        __scratch_y_end__ = .
                0x10003238                        __scratch_y_source__ = LOADADDR (.scratch_y)

.bss            0x20000268      0x3e0
                0x20000268                        . = ALIGN (0x4)
                0x20000268                        __bss_start__ = .
 *(SORT_BY_ALIGNMENT(SORT_BY_NAME(.bss*)))
 .bss.configured_freq
                0x20000268       0x28 CMakeFiles/pico_neopixel_objeto.dir/C_/Program_Files/Raspberry_Pi/Pico_SDK_v1.5.1/pico-sdk/src/rp2_common/hardware_clocks/clocks.c.obj
 .bss.default_alarm_pool_entries
                0x20000290      0x100 CMakeFiles/pico_neopixel_objeto.dir/C_/Program_Files/Raspberry_Pi/Pico_SDK_v1.5.1/pico-sdk/src/common/pico_time/time.c.obj
 .bss.sd_table  0x20000390      0x100 CMakeFiles/pico_neopixel_objeto.dir/C_/Program_Files/Raspberry_Pi/Pico_SDK_v1.5.1/pico-sdk/src/rp2_common/pico_double/double_init_rom.c.obj
                0x20000390                sd_table
 .bss.sf_table  0x20000490      0x100 CMakeFiles/pico_neopixel_objeto.dir/C_/Program_Files/Raspberry_Pi/Pico_SDK_v1.5.1/pico-sdk/src/rp2_common/pico_float/float_init_rom.c.obj
                0x20000490                sf_table
 .bss._used_instruction_space
                0x20000590        0x8 CMakeFiles/pico_neopixel_objeto.dir/C_/Program_Files/Raspberry_Pi/Pico_SDK_v1.5.1/pico-sdk/src/rp2_common/hardware_pio/pio.c.obj
 .bss.alarm_callbacks
                0x20000598       0x10 CMakeFiles/pico_neopixel_objeto.dir/C_/Program_Files/Raspberry_Pi/Pico_SDK_v1.5.1/pico-sdk/src/rp2_common/hardware_timer/timer.c.obj
 .bss.chars_available_callback
                0x200005a8        0x4 CMakeFiles/pico_neopixel_objeto.dir/C_/Program_Files/Raspberry_Pi/Pico_SDK_v1.5.1/pico-sdk/src/rp2_common/pico_stdio_uart/stdio_uart.c.obj
 .bss.chars_available_param
                0x200005ac        0x4 CMakeFiles/pico_neopixel_objeto.dir/C_/Program_Files/Raspberry_Pi/Pico_SDK_v1.5.1/pico-sdk/src/rp2_common/pico_stdio_uart/stdio_uart.c.obj
 .bss.default_alarm_pool_entry_ids_high
                0x200005b0       0x10 CMakeFiles/pico_neopixel_objeto.dir/C_/Program_Files/Raspberry_Pi/Pico_SDK_v1.5.1/pico-sdk/src/common/pico_time/time.c.obj
 .bss.default_alarm_pool_heap_nodes
                0x200005c0       0x30 CMakeFiles/pico_neopixel_objeto.dir/C_/Program_Files/Raspberry_Pi/Pico_SDK_v1.5.1/pico-sdk/src/common/pico_time/time.c.obj
 .bss.drivers   0x200005f0        0x4 CMakeFiles/pico_neopixel_objeto.dir/C_/Program_Files/Raspberry_Pi/Pico_SDK_v1.5.1/pico-sdk/src/rp2_common/pico_stdio/stdio.c.obj
 .bss.filter    0x200005f4        0x4 CMakeFiles/pico_neopixel_objeto.dir/C_/Program_Files/Raspberry_Pi/Pico_SDK_v1.5.1/pico-sdk/src/rp2_common/pico_stdio/stdio.c.obj
 .bss.lazy_vsnprintf
                0x200005f8        0x4 CMakeFiles/pico_neopixel_objeto.dir/C_/Program_Files/Raspberry_Pi/Pico_SDK_v1.5.1/pico-sdk/src/rp2_common/pico_printf/printf.c.obj
 .bss.object.0  0x200005fc       0x18 C:/Program Files/Raspberry Pi/Pico SDK v1.5.1/gcc-arm-none-eabi/bin/../lib/gcc/arm-none-eabi/15.2.1/thumb/v6-m/nofp/crtbegin.o
 .bss.pools     0x20000614       0x10 CMakeFiles/pico_neopixel_objeto.dir/C_/Program_Files/Raspberry_Pi/Pico_SDK_v1.5.1/pico-sdk/src/common/pico_time/time.c.obj
 .bss.sf_clz_func
                0x20000624        0x4 CMakeFiles/pico_neopixel_objeto.dir/C_/Program_Files/Raspberry_Pi/Pico_SDK_v1.5.1/pico-sdk/src/rp2_common/pico_double/double_init_rom.c.obj
                0x20000624                sf_clz_func
 .bss.sleep_notifier
                0x20000628        0x4 CMakeFiles/pico_neopixel_objeto.dir/C_/Program_Files/Raspberry_Pi/Pico_SDK_v1.5.1/pico-sdk/src/common/pico_time/time.c.obj
 .bss.target_hi
                0x2000062c       0x10 CMakeFiles/pico_neopixel_objeto.dir/C_/Program_Files/Raspberry_Pi/Pico_SDK_v1.5.1/pico-sdk/src/rp2_common/hardware_timer/timer.c.obj
 .bss.uart_char_to_line_feed
                0x2000063c        0x4 CMakeFiles/pico_neopixel_objeto.dir/C_/Program_Files/Raspberry_Pi/Pico_SDK_v1.5.1/pico-sdk/src/rp2_common/hardware_uart/uart.c.obj
                0x2000063c                uart_char_to_line_feed
 .bss.uart_instance
                0x20000640        0x4 CMakeFiles/pico_neopixel_objeto.dir/C_/Program_Files/Raspberry_Pi/Pico_SDK_v1.5.1/pico-sdk/src/rp2_common/pico_stdio_uart/stdio_uart.c.obj
 .bss.claimed   0x20000644        0x1 CMakeFiles/pico_neopixel_objeto.dir/C_/Program_Files/Raspberry_Pi/Pico_SDK_v1.5.1/pico-sdk/src/rp2_common/hardware_timer/timer.c.obj
 .bss.irq_hander_chain_free_slot_head
                0x20000645        0x1 CMakeFiles/pico_neopixel_objeto.dir/C_/Program_Files/Raspberry_Pi/Pico_SDK_v1.5.1/pico-sdk/src/rp2_common/hardware_irq/irq.c.obj
 .bss.timer_callbacks_pending
                0x20000646        0x1 CMakeFiles/pico_neopixel_objeto.dir/C_/Program_Files/Raspberry_Pi/Pico_SDK_v1.5.1/pico-sdk/src/rp2_common/hardware_timer/timer.c.obj
 *(COMMON)
                0x20000648                        . = ALIGN (0x4)
 *fill*         0x20000647        0x1 
                0x20000648                        __bss_end__ = .

.heap           0x20000648      0x800
                0x20000648                        __end__ = .
                0x20000648                        end = __end__
 *(.heap*)
 .heap          0x20000648      0x800 CMakeFiles/pico_neopixel_objeto.dir/C_/Program_Files/Raspberry_Pi/Pico_SDK_v1.5.1/pico-sdk/src/rp2_common/pico_standard_link/crt0.S.obj
                0x20000e48                        __HeapLimit = .

.stack1_dummy
 *(.stack1*)

.stack_dummy    0x20041000      0x800
 *(.stack*)
 .stack         0x20041000      0x800 CMakeFiles/pico_neopixel_objeto.dir/C_/Program_Files/Raspberry_Pi/Pico_SDK_v1.5.1/pico-sdk/src/rp2_common/pico_standard_link/crt0.S.obj

.flash_end      0x10003238        0x0
                0x10003238                        PROVIDE (__flash_binary_end = .)
                0x20040000                        __StackLimit = (ORIGIN (RAM) + LENGTH (RAM))
                0x20041000                        __StackOneTop = (ORIGIN (SCRATCH_X) + LENGTH (SCRATCH_X))
                0x20042000                        __StackTop = (ORIGIN (SCRATCH_Y) + LENGTH (SCRATCH_Y))
                0x20041000                        __StackOneBottom = (__StackOneTop - SIZEOF (.stack1_dummy))
                0x20041800                        __StackBottom = (__StackTop - SIZEOF (.stack_dummy))
                0x20042000                        PROVIDE (__stack = __StackTop)
                0x00000001                        ASSERT ((__StackLimit >= __HeapLimit), region RAM overflowed)
                0x00000001                        ASSERT (((__binary_info_header_end - __logical_binary_start) <= 0x100), Binary info must be in first 256 bytes of the binary)
LOAD CMakeFiles/pico_neopixel_objeto.dir/main.cpp.obj
LOAD CMakeFiles/pico_neopixel_objeto.dir/C_/Users/rocke/Dropbox/ADRIAN/MATERIAS/PiPico/SDK_Projects/Template/src/srcNeopixel/NeoPixelLed.cpp.obj
LOAD CMakeFiles/pico_neopixel_objeto.dir/C_/Users/rocke/Dropbox/ADRIAN/MATERIAS/PiPico/SDK_Projects/Template/src/srcNeopixel/colores/ColorPalette.cpp.obj
LOAD CMakeFiles/pico_neopixel_objeto.dir/C_/Program_Files/Raspberry_Pi/Pico_SDK_v1.5.1/pico-sdk/src/rp2_common/pico_stdlib/stdlib.c.obj
LOAD CMakeFiles/pico_neopixel_objeto.dir/C_/Program_Files/Raspberry_Pi/Pico_SDK_v1.5.1/pico-sdk/src/rp2_common/hardware_gpio/gpio.c.obj
LOAD CMakeFiles/pico_neopixel_objeto.dir/C_/Program_Files/Raspberry_Pi/Pico_SDK_v1.5.1/pico-sdk/src/rp2_common/pico_platform/platform.c.obj
LOAD CMakeFiles/pico_neopixel_objeto.dir/C_/Program_Files/Raspberry_Pi/Pico_SDK_v1.5.1/pico-sdk/src/rp2_common/hardware_claim/claim.c.obj
LOAD CMakeFiles/pico_neopixel_objeto.dir/C_/Program_Files/Raspberry_Pi/Pico_SDK_v1.5.1/pico-sdk/src/rp2_common/hardware_sync/sync.c.obj
LOAD CMakeFiles/pico_neopixel_objeto.dir/C_/Program_Files/Raspberry_Pi/Pico_SDK_v1.5.1/pico-sdk/src/rp2_common/hardware_irq/irq.c.obj
LOAD CMakeFiles/pico_neopixel_objeto.dir/C_/Program_Files/Raspberry_Pi/Pico_SDK_v1.5.1/pico-sdk/src/rp2_common/hardware_irq/irq_handler_chain.S.obj
LOAD CMakeFiles/pico_neopixel_objeto.dir/C_/Program_Files/Raspberry_Pi/Pico_SDK_v1.5.1/pico-sdk/src/common/pico_sync/sem.c.obj
LOAD CMakeFiles/pico_neopixel_objeto.dir/C_/Program_Files/Raspberry_Pi/Pico_SDK_v1.5.1/pico-sdk/src/common/pico_sync/lock_core.c.obj
LOAD CMakeFiles/pico_neopixel_objeto.dir/C_/Program_Files/Raspberry_Pi/Pico_SDK_v1.5.1/pico-sdk/src/common/pico_sync/mutex.c.obj
LOAD CMakeFiles/pico_neopixel_objeto.dir/C_/Program_Files/Raspberry_Pi/Pico_SDK_v1.5.1/pico-sdk/src/common/pico_sync/critical_section.c.obj
LOAD CMakeFiles/pico_neopixel_objeto.dir/C_/Program_Files/Raspberry_Pi/Pico_SDK_v1.5.1/pico-sdk/src/common/pico_time/time.c.obj
LOAD CMakeFiles/pico_neopixel_objeto.dir/C_/Program_Files/Raspberry_Pi/Pico_SDK_v1.5.1/pico-sdk/src/common/pico_time/timeout_helper.c.obj
LOAD CMakeFiles/pico_neopixel_objeto.dir/C_/Program_Files/Raspberry_Pi/Pico_SDK_v1.5.1/pico-sdk/src/rp2_common/hardware_timer/timer.c.obj
LOAD CMakeFiles/pico_neopixel_objeto.dir/C_/Program_Files/Raspberry_Pi/Pico_SDK_v1.5.1/pico-sdk/src/common/pico_util/datetime.c.obj
LOAD CMakeFiles/pico_neopixel_objeto.dir/C_/Program_Files/Raspberry_Pi/Pico_SDK_v1.5.1/pico-sdk/src/common/pico_util/pheap.c.obj
LOAD CMakeFiles/pico_neopixel_objeto.dir/C_/Program_Files/Raspberry_Pi/Pico_SDK_v1.5.1/pico-sdk/src/common/pico_util/queue.c.obj
LOAD CMakeFiles/pico_neopixel_objeto.dir/C_/Program_Files/Raspberry_Pi/Pico_SDK_v1.5.1/pico-sdk/src/rp2_common/hardware_uart/uart.c.obj
LOAD CMakeFiles/pico_neopixel_objeto.dir/C_/Program_Files/Raspberry_Pi/Pico_SDK_v1.5.1/pico-sdk/src/rp2_common/hardware_clocks/clocks.c.obj
LOAD CMakeFiles/pico_neopixel_objeto.dir/C_/Program_Files/Raspberry_Pi/Pico_SDK_v1.5.1/pico-sdk/src/rp2_common/hardware_pll/pll.c.obj
LOAD CMakeFiles/pico_neopixel_objeto.dir/C_/Program_Files/Raspberry_Pi/Pico_SDK_v1.5.1/pico-sdk/src/rp2_common/hardware_vreg/vreg.c.obj
LOAD CMakeFiles/pico_neopixel_objeto.dir/C_/Program_Files/Raspberry_Pi/Pico_SDK_v1.5.1/pico-sdk/src/rp2_common/hardware_watchdog/watchdog.c.obj
LOAD CMakeFiles/pico_neopixel_objeto.dir/C_/Program_Files/Raspberry_Pi/Pico_SDK_v1.5.1/pico-sdk/src/rp2_common/hardware_xosc/xosc.c.obj
LOAD CMakeFiles/pico_neopixel_objeto.dir/C_/Program_Files/Raspberry_Pi/Pico_SDK_v1.5.1/pico-sdk/src/rp2_common/hardware_divider/divider.S.obj
LOAD CMakeFiles/pico_neopixel_objeto.dir/C_/Program_Files/Raspberry_Pi/Pico_SDK_v1.5.1/pico-sdk/src/rp2_common/pico_runtime/runtime.c.obj
LOAD CMakeFiles/pico_neopixel_objeto.dir/C_/Program_Files/Raspberry_Pi/Pico_SDK_v1.5.1/pico-sdk/src/rp2_common/pico_printf/printf.c.obj
LOAD CMakeFiles/pico_neopixel_objeto.dir/C_/Program_Files/Raspberry_Pi/Pico_SDK_v1.5.1/pico-sdk/src/rp2_common/pico_bit_ops/bit_ops_aeabi.S.obj
LOAD CMakeFiles/pico_neopixel_objeto.dir/C_/Program_Files/Raspberry_Pi/Pico_SDK_v1.5.1/pico-sdk/src/rp2_common/pico_bootrom/bootrom.c.obj
LOAD CMakeFiles/pico_neopixel_objeto.dir/C_/Program_Files/Raspberry_Pi/Pico_SDK_v1.5.1/pico-sdk/src/rp2_common/pico_divider/divider.S.obj
LOAD CMakeFiles/pico_neopixel_objeto.dir/C_/Program_Files/Raspberry_Pi/Pico_SDK_v1.5.1/pico-sdk/src/rp2_common/pico_double/double_aeabi.S.obj
LOAD CMakeFiles/pico_neopixel_objeto.dir/C_/Program_Files/Raspberry_Pi/Pico_SDK_v1.5.1/pico-sdk/src/rp2_common/pico_double/double_init_rom.c.obj
LOAD CMakeFiles/pico_neopixel_objeto.dir/C_/Program_Files/Raspberry_Pi/Pico_SDK_v1.5.1/pico-sdk/src/rp2_common/pico_double/double_math.c.obj
LOAD CMakeFiles/pico_neopixel_objeto.dir/C_/Program_Files/Raspberry_Pi/Pico_SDK_v1.5.1/pico-sdk/src/rp2_common/pico_double/double_v1_rom_shim.S.obj
LOAD CMakeFiles/pico_neopixel_objeto.dir/C_/Program_Files/Raspberry_Pi/Pico_SDK_v1.5.1/pico-sdk/src/rp2_common/pico_int64_ops/pico_int64_ops_aeabi.S.obj
LOAD CMakeFiles/pico_neopixel_objeto.dir/C_/Program_Files/Raspberry_Pi/Pico_SDK_v1.5.1/pico-sdk/src/rp2_common/pico_float/float_aeabi.S.obj
LOAD CMakeFiles/pico_neopixel_objeto.dir/C_/Program_Files/Raspberry_Pi/Pico_SDK_v1.5.1/pico-sdk/src/rp2_common/pico_float/float_init_rom.c.obj
LOAD CMakeFiles/pico_neopixel_objeto.dir/C_/Program_Files/Raspberry_Pi/Pico_SDK_v1.5.1/pico-sdk/src/rp2_common/pico_float/float_math.c.obj
LOAD CMakeFiles/pico_neopixel_objeto.dir/C_/Program_Files/Raspberry_Pi/Pico_SDK_v1.5.1/pico-sdk/src/rp2_common/pico_float/float_v1_rom_shim.S.obj
LOAD CMakeFiles/pico_neopixel_objeto.dir/C_/Program_Files/Raspberry_Pi/Pico_SDK_v1.5.1/pico-sdk/src/rp2_common/pico_malloc/pico_malloc.c.obj
LOAD CMakeFiles/pico_neopixel_objeto.dir/C_/Program_Files/Raspberry_Pi/Pico_SDK_v1.5.1/pico-sdk/src/rp2_common/pico_mem_ops/mem_ops_aeabi.S.obj
LOAD CMakeFiles/pico_neopixel_objeto.dir/C_/Program_Files/Raspberry_Pi/Pico_SDK_v1.5.1/pico-sdk/src/rp2_common/pico_standard_link/crt0.S.obj
LOAD CMakeFiles/pico_neopixel_objeto.dir/C_/Program_Files/Raspberry_Pi/Pico_SDK_v1.5.1/pico-sdk/src/rp2_common/pico_standard_link/new_delete.cpp.obj
LOAD CMakeFiles/pico_neopixel_objeto.dir/C_/Program_Files/Raspberry_Pi/Pico_SDK_v1.5.1/pico-sdk/src/rp2_common/pico_standard_link/binary_info.c.obj
LOAD CMakeFiles/pico_neopixel_objeto.dir/C_/Program_Files/Raspberry_Pi/Pico_SDK_v1.5.1/pico-sdk/src/rp2_common/pico_stdio/stdio.c.obj
LOAD CMakeFiles/pico_neopixel_objeto.dir/C_/Program_Files/Raspberry_Pi/Pico_SDK_v1.5.1/pico-sdk/src/rp2_common/pico_stdio_uart/stdio_uart.c.obj
LOAD CMakeFiles/pico_neopixel_objeto.dir/C_/Program_Files/Raspberry_Pi/Pico_SDK_v1.5.1/pico-sdk/src/rp2_common/hardware_pio/pio.c.obj
LOAD C:\Users\rocke\AppData\Local\Temp\ccYAWESb.o
LOAD C:/Program Files/Raspberry Pi/Pico SDK v1.5.1/gcc-arm-none-eabi/bin/../lib/gcc/arm-none-eabi/15.2.1/../../../../arm-none-eabi/lib/thumb/v6-m/nofp\libstdc++.a
LOAD C:/Program Files/Raspberry Pi/Pico SDK v1.5.1/gcc-arm-none-eabi/bin/../lib/gcc/arm-none-eabi/15.2.1/../../../../arm-none-eabi/lib/thumb/v6-m/nofp\libm.a
START GROUP
LOAD C:/Program Files/Raspberry Pi/Pico SDK v1.5.1/gcc-arm-none-eabi/bin/../lib/gcc/arm-none-eabi/15.2.1/thumb/v6-m/nofp\libgcc.a
LOAD C:/Program Files/Raspberry Pi/Pico SDK v1.5.1/gcc-arm-none-eabi/bin/../lib/gcc/arm-none-eabi/15.2.1/../../../../arm-none-eabi/lib/thumb/v6-m/nofp\libc.a
END GROUP
START GROUP
LOAD C:/Program Files/Raspberry Pi/Pico SDK v1.5.1/gcc-arm-none-eabi/bin/../lib/gcc/arm-none-eabi/15.2.1/thumb/v6-m/nofp\libgcc.a
LOAD C:/Program Files/Raspberry Pi/Pico SDK v1.5.1/gcc-arm-none-eabi/bin/../lib/gcc/arm-none-eabi/15.2.1/../../../../arm-none-eabi/lib/thumb/v6-m/nofp\libc.a
LOAD C:/Program Files/Raspberry Pi/Pico SDK v1.5.1/gcc-arm-none-eabi/bin/../lib/gcc/arm-none-eabi/15.2.1/../../../../arm-none-eabi/lib/thumb/v6-m/nofp\libnosys.a
END GROUP
LOAD C:/Program Files/Raspberry Pi/Pico SDK v1.5.1/gcc-arm-none-eabi/bin/../lib/gcc/arm-none-eabi/15.2.1/thumb/v6-m/nofp/crtend.o
LOAD C:/Program Files/Raspberry Pi/Pico SDK v1.5.1/gcc-arm-none-eabi/bin/../lib/gcc/arm-none-eabi/15.2.1/thumb/v6-m/nofp/crtn.o
OUTPUT(pico_neopixel_objeto.elf elf32-littlearm)
LOAD linker stubs

.ARM.attributes
                0x00000000       0x28
 .ARM.attributes
                0x00000000       0x1e C:/Program Files/Raspberry Pi/Pico SDK v1.5.1/gcc-arm-none-eabi/bin/../lib/gcc/arm-none-eabi/15.2.1/thumb/v6-m/nofp/crti.o
 .ARM.attributes
                0x0000001e       0x2c C:/Program Files/Raspberry Pi/Pico SDK v1.5.1/gcc-arm-none-eabi/bin/../lib/gcc/arm-none-eabi/15.2.1/thumb/v6-m/nofp/crtbegin.o
 .ARM.attributes
                0x0000004a       0x2c CMakeFiles/pico_neopixel_objeto.dir/main.cpp.obj
 .ARM.attributes
                0x00000076       0x2c CMakeFiles/pico_neopixel_objeto.dir/C_/Users/rocke/Dropbox/ADRIAN/MATERIAS/PiPico/SDK_Projects/Template/src/srcNeopixel/NeoPixelLed.cpp.obj
 .ARM.attributes
                0x000000a2       0x2c CMakeFiles/pico_neopixel_objeto.dir/C_/Users/rocke/Dropbox/ADRIAN/MATERIAS/PiPico/SDK_Projects/Template/src/srcNeopixel/colores/ColorPalette.cpp.obj
 .ARM.attributes
                0x000000ce       0x2c CMakeFiles/pico_neopixel_objeto.dir/C_/Program_Files/Raspberry_Pi/Pico_SDK_v1.5.1/pico-sdk/src/rp2_common/hardware_gpio/gpio.c.obj
 .ARM.attributes
                0x000000fa       0x2c CMakeFiles/pico_neopixel_objeto.dir/C_/Program_Files/Raspberry_Pi/Pico_SDK_v1.5.1/pico-sdk/src/rp2_common/pico_platform/platform.c.obj
 .ARM.attributes
                0x00000126       0x2c CMakeFiles/pico_neopixel_objeto.dir/C_/Program_Files/Raspberry_Pi/Pico_SDK_v1.5.1/pico-sdk/src/rp2_common/hardware_claim/claim.c.obj
 .ARM.attributes
                0x00000152       0x2c CMakeFiles/pico_neopixel_objeto.dir/C_/Program_Files/Raspberry_Pi/Pico_SDK_v1.5.1/pico-sdk/src/rp2_common/hardware_sync/sync.c.obj
 .ARM.attributes
                0x0000017e       0x2c CMakeFiles/pico_neopixel_objeto.dir/C_/Program_Files/Raspberry_Pi/Pico_SDK_v1.5.1/pico-sdk/src/rp2_common/hardware_irq/irq.c.obj
 .ARM.attributes
                0x000001aa       0x22 CMakeFiles/pico_neopixel_objeto.dir/C_/Program_Files/Raspberry_Pi/Pico_SDK_v1.5.1/pico-sdk/src/rp2_common/hardware_irq/irq_handler_chain.S.obj
 .ARM.attributes
                0x000001cc       0x2c CMakeFiles/pico_neopixel_objeto.dir/C_/Program_Files/Raspberry_Pi/Pico_SDK_v1.5.1/pico-sdk/src/common/pico_sync/lock_core.c.obj
 .ARM.attributes
                0x000001f8       0x2c CMakeFiles/pico_neopixel_objeto.dir/C_/Program_Files/Raspberry_Pi/Pico_SDK_v1.5.1/pico-sdk/src/common/pico_sync/mutex.c.obj
 .ARM.attributes
                0x00000224       0x2c CMakeFiles/pico_neopixel_objeto.dir/C_/Program_Files/Raspberry_Pi/Pico_SDK_v1.5.1/pico-sdk/src/common/pico_time/time.c.obj
 .ARM.attributes
                0x00000250       0x2c CMakeFiles/pico_neopixel_objeto.dir/C_/Program_Files/Raspberry_Pi/Pico_SDK_v1.5.1/pico-sdk/src/rp2_common/hardware_timer/timer.c.obj
 .ARM.attributes
                0x0000027c       0x2c CMakeFiles/pico_neopixel_objeto.dir/C_/Program_Files/Raspberry_Pi/Pico_SDK_v1.5.1/pico-sdk/src/common/pico_util/pheap.c.obj
 .ARM.attributes
                0x000002a8       0x2c CMakeFiles/pico_neopixel_objeto.dir/C_/Program_Files/Raspberry_Pi/Pico_SDK_v1.5.1/pico-sdk/src/rp2_common/hardware_uart/uart.c.obj
 .ARM.attributes
                0x000002d4       0x2c CMakeFiles/pico_neopixel_objeto.dir/C_/Program_Files/Raspberry_Pi/Pico_SDK_v1.5.1/pico-sdk/src/rp2_common/hardware_clocks/clocks.c.obj
 .ARM.attributes
                0x00000300       0x2c CMakeFiles/pico_neopixel_objeto.dir/C_/Program_Files/Raspberry_Pi/Pico_SDK_v1.5.1/pico-sdk/src/rp2_common/hardware_pll/pll.c.obj
 .ARM.attributes
                0x0000032c       0x2c CMakeFiles/pico_neopixel_objeto.dir/C_/Program_Files/Raspberry_Pi/Pico_SDK_v1.5.1/pico-sdk/src/rp2_common/hardware_watchdog/watchdog.c.obj
 .ARM.attributes
                0x00000358       0x2c CMakeFiles/pico_neopixel_objeto.dir/C_/Program_Files/Raspberry_Pi/Pico_SDK_v1.5.1/pico-sdk/src/rp2_common/hardware_xosc/xosc.c.obj
 .ARM.attributes
                0x00000384       0x2c CMakeFiles/pico_neopixel_objeto.dir/C_/Program_Files/Raspberry_Pi/Pico_SDK_v1.5.1/pico-sdk/src/rp2_common/pico_runtime/runtime.c.obj
 .ARM.attributes
                0x000003b0       0x2c CMakeFiles/pico_neopixel_objeto.dir/C_/Program_Files/Raspberry_Pi/Pico_SDK_v1.5.1/pico-sdk/src/rp2_common/pico_printf/printf.c.obj
 .ARM.attributes
                0x000003dc       0x22 CMakeFiles/pico_neopixel_objeto.dir/C_/Program_Files/Raspberry_Pi/Pico_SDK_v1.5.1/pico-sdk/src/rp2_common/pico_bit_ops/bit_ops_aeabi.S.obj
 .ARM.attributes
                0x000003fe       0x2c CMakeFiles/pico_neopixel_objeto.dir/C_/Program_Files/Raspberry_Pi/Pico_SDK_v1.5.1/pico-sdk/src/rp2_common/pico_bootrom/bootrom.c.obj
 .ARM.attributes
                0x0000042a       0x22 CMakeFiles/pico_neopixel_objeto.dir/C_/Program_Files/Raspberry_Pi/Pico_SDK_v1.5.1/pico-sdk/src/rp2_common/pico_divider/divider.S.obj
 .ARM.attributes
                0x0000044c       0x22 CMakeFiles/pico_neopixel_objeto.dir/C_/Program_Files/Raspberry_Pi/Pico_SDK_v1.5.1/pico-sdk/src/rp2_common/pico_double/double_aeabi.S.obj
 .ARM.attributes
                0x0000046e       0x2c CMakeFiles/pico_neopixel_objeto.dir/C_/Program_Files/Raspberry_Pi/Pico_SDK_v1.5.1/pico-sdk/src/rp2_common/pico_double/double_init_rom.c.obj
 .ARM.attributes
                0x0000049a       0x22 CMakeFiles/pico_neopixel_objeto.dir/C_/Program_Files/Raspberry_Pi/Pico_SDK_v1.5.1/pico-sdk/src/rp2_common/pico_double/double_v1_rom_shim.S.obj
 .ARM.attributes
                0x000004bc       0x22 CMakeFiles/pico_neopixel_objeto.dir/C_/Program_Files/Raspberry_Pi/Pico_SDK_v1.5.1/pico-sdk/src/rp2_common/pico_int64_ops/pico_int64_ops_aeabi.S.obj
 .ARM.attributes
                0x000004de       0x22 CMakeFiles/pico_neopixel_objeto.dir/C_/Program_Files/Raspberry_Pi/Pico_SDK_v1.5.1/pico-sdk/src/rp2_common/pico_float/float_aeabi.S.obj
 .ARM.attributes
                0x00000500       0x2c CMakeFiles/pico_neopixel_objeto.dir/C_/Program_Files/Raspberry_Pi/Pico_SDK_v1.5.1/pico-sdk/src/rp2_common/pico_float/float_init_rom.c.obj
 .ARM.attributes
                0x0000052c       0x22 CMakeFiles/pico_neopixel_objeto.dir/C_/Program_Files/Raspberry_Pi/Pico_SDK_v1.5.1/pico-sdk/src/rp2_common/pico_float/float_v1_rom_shim.S.obj
 .ARM.attributes
                0x0000054e       0x22 CMakeFiles/pico_neopixel_objeto.dir/C_/Program_Files/Raspberry_Pi/Pico_SDK_v1.5.1/pico-sdk/src/rp2_common/pico_mem_ops/mem_ops_aeabi.S.obj
 .ARM.attributes
                0x00000570       0x22 CMakeFiles/pico_neopixel_objeto.dir/C_/Program_Files/Raspberry_Pi/Pico_SDK_v1.5.1/pico-sdk/src/rp2_common/pico_standard_link/crt0.S.obj
 .ARM.attributes
                0x00000592       0x2c CMakeFiles/pico_neopixel_objeto.dir/C_/Program_Files/Raspberry_Pi/Pico_SDK_v1.5.1/pico-sdk/src/rp2_common/pico_standard_link/binary_info.c.obj
 .ARM.attributes
                0x000005be       0x2c CMakeFiles/pico_neopixel_objeto.dir/C_/Program_Files/Raspberry_Pi/Pico_SDK_v1.5.1/pico-sdk/src/rp2_common/pico_stdio/stdio.c.obj
 .ARM.attributes
                0x000005ea       0x2c CMakeFiles/pico_neopixel_objeto.dir/C_/Program_Files/Raspberry_Pi/Pico_SDK_v1.5.1/pico-sdk/src/rp2_common/pico_stdio_uart/stdio_uart.c.obj
 .ARM.attributes
                0x00000616       0x2c CMakeFiles/pico_neopixel_objeto.dir/C_/Program_Files/Raspberry_Pi/Pico_SDK_v1.5.1/pico-sdk/src/rp2_common/hardware_pio/pio.c.obj
 .ARM.attributes
                0x00000642       0x22 C:\Users\rocke\AppData\Local\Temp\ccYAWESb.o
 .ARM.attributes
                0x00000664       0x1e C:/Program Files/Raspberry Pi/Pico SDK v1.5.1/gcc-arm-none-eabi/bin/../lib/gcc/arm-none-eabi/15.2.1/thumb/v6-m/nofp\libgcc.a(_dvmd_tls.o)
 .ARM.attributes
                0x00000682       0x2c C:/Program Files/Raspberry Pi/Pico SDK v1.5.1/gcc-arm-none-eabi/bin/../lib/gcc/arm-none-eabi/15.2.1/../../../../arm-none-eabi/lib/thumb/v6-m/nofp\libc.a(libc_a-strlen-stub.o)
 .ARM.attributes
                0x000006ae       0x2c C:/Program Files/Raspberry Pi/Pico SDK v1.5.1/gcc-arm-none-eabi/bin/../lib/gcc/arm-none-eabi/15.2.1/thumb/v6-m/nofp/crtend.o

.comment        0x00000000       0x45
 .comment       0x00000000       0x45 CMakeFiles/pico_neopixel_objeto.dir/main.cpp.obj
                                 0x46 (size before relaxing)
 .comment       0x00000045        0x0 CMakeFiles/pico_neopixel_objeto.dir/C_/Users/rocke/Dropbox/ADRIAN/MATERIAS/PiPico/SDK_Projects/Template/src/srcNeopixel/NeoPixelLed.cpp.obj
                                 0x46 (size before relaxing)
 .comment       0x00000045        0x0 CMakeFiles/pico_neopixel_objeto.dir/C_/Users/rocke/Dropbox/ADRIAN/MATERIAS/PiPico/SDK_Projects/Template/src/srcNeopixel/colores/ColorPalette.cpp.obj
                                 0x46 (size before relaxing)
 .comment       0x00000045        0x0 CMakeFiles/pico_neopixel_objeto.dir/C_/Program_Files/Raspberry_Pi/Pico_SDK_v1.5.1/pico-sdk/src/rp2_common/hardware_gpio/gpio.c.obj
                                 0x46 (size before relaxing)
 .comment       0x00000045        0x0 CMakeFiles/pico_neopixel_objeto.dir/C_/Program_Files/Raspberry_Pi/Pico_SDK_v1.5.1/pico-sdk/src/rp2_common/pico_platform/platform.c.obj
                                 0x46 (size before relaxing)
 .comment       0x00000045        0x0 CMakeFiles/pico_neopixel_objeto.dir/C_/Program_Files/Raspberry_Pi/Pico_SDK_v1.5.1/pico-sdk/src/rp2_common/hardware_claim/claim.c.obj
                                 0x46 (size before relaxing)
 .comment       0x00000045        0x0 CMakeFiles/pico_neopixel_objeto.dir/C_/Program_Files/Raspberry_Pi/Pico_SDK_v1.5.1/pico-sdk/src/rp2_common/hardware_sync/sync.c.obj
                                 0x46 (size before relaxing)
 .comment       0x00000045        0x0 CMakeFiles/pico_neopixel_objeto.dir/C_/Program_Files/Raspberry_Pi/Pico_SDK_v1.5.1/pico-sdk/src/rp2_common/hardware_irq/irq.c.obj
                                 0x46 (size before relaxing)
 .comment       0x00000045        0x0 CMakeFiles/pico_neopixel_objeto.dir/C_/Program_Files/Raspberry_Pi/Pico_SDK_v1.5.1/pico-sdk/src/common/pico_sync/lock_core.c.obj
                                 0x46 (size before relaxing)
 .comment       0x00000045        0x0 CMakeFiles/pico_neopixel_objeto.dir/C_/Program_Files/Raspberry_Pi/Pico_SDK_v1.5.1/pico-sdk/src/common/pico_sync/mutex.c.obj
                                 0x46 (size before relaxing)
 .comment       0x00000045        0x0 CMakeFiles/pico_neopixel_objeto.dir/C_/Program_Files/Raspberry_Pi/Pico_SDK_v1.5.1/pico-sdk/src/common/pico_time/time.c.obj
                                 0x46 (size before relaxing)
 .comment       0x00000045        0x0 CMakeFiles/pico_neopixel_objeto.dir/C_/Program_Files/Raspberry_Pi/Pico_SDK_v1.5.1/pico-sdk/src/rp2_common/hardware_timer/timer.c.obj
                                 0x46 (size before relaxing)
 .comment       0x00000045        0x0 CMakeFiles/pico_neopixel_objeto.dir/C_/Program_Files/Raspberry_Pi/Pico_SDK_v1.5.1/pico-sdk/src/common/pico_util/pheap.c.obj
                                 0x46 (size before relaxing)
 .comment       0x00000045        0x0 CMakeFiles/pico_neopixel_objeto.dir/C_/Program_Files/Raspberry_Pi/Pico_SDK_v1.5.1/pico-sdk/src/rp2_common/hardware_uart/uart.c.obj
                                 0x46 (size before relaxing)
 .comment       0x00000045        0x0 CMakeFiles/pico_neopixel_objeto.dir/C_/Program_Files/Raspberry_Pi/Pico_SDK_v1.5.1/pico-sdk/src/rp2_common/hardware_clocks/clocks.c.obj
                                 0x46 (size before relaxing)
 .comment       0x00000045        0x0 CMakeFiles/pico_neopixel_objeto.dir/C_/Program_Files/Raspberry_Pi/Pico_SDK_v1.5.1/pico-sdk/src/rp2_common/hardware_pll/pll.c.obj
                                 0x46 (size before relaxing)
 .comment       0x00000045        0x0 CMakeFiles/pico_neopixel_objeto.dir/C_/Program_Files/Raspberry_Pi/Pico_SDK_v1.5.1/pico-sdk/src/rp2_common/hardware_watchdog/watchdog.c.obj
                                 0x46 (size before relaxing)
 .comment       0x00000045        0x0 CMakeFiles/pico_neopixel_objeto.dir/C_/Program_Files/Raspberry_Pi/Pico_SDK_v1.5.1/pico-sdk/src/rp2_common/hardware_xosc/xosc.c.obj
                                 0x46 (size before relaxing)
 .comment       0x00000045        0x0 CMakeFiles/pico_neopixel_objeto.dir/C_/Program_Files/Raspberry_Pi/Pico_SDK_v1.5.1/pico-sdk/src/rp2_common/pico_runtime/runtime.c.obj
                                 0x46 (size before relaxing)
 .comment       0x00000045        0x0 CMakeFiles/pico_neopixel_objeto.dir/C_/Program_Files/Raspberry_Pi/Pico_SDK_v1.5.1/pico-sdk/src/rp2_common/pico_printf/printf.c.obj
                                 0x46 (size before relaxing)
 .comment       0x00000045        0x0 CMakeFiles/pico_neopixel_objeto.dir/C_/Program_Files/Raspberry_Pi/Pico_SDK_v1.5.1/pico-sdk/src/rp2_common/pico_bootrom/bootrom.c.obj
                                 0x46 (size before relaxing)
 .comment       0x00000045        0x0 CMakeFiles/pico_neopixel_objeto.dir/C_/Program_Files/Raspberry_Pi/Pico_SDK_v1.5.1/pico-sdk/src/rp2_common/pico_double/double_init_rom.c.obj
                                 0x46 (size before relaxing)
 .comment       0x00000045        0x0 CMakeFiles/pico_neopixel_objeto.dir/C_/Program_Files/Raspberry_Pi/Pico_SDK_v1.5.1/pico-sdk/src/rp2_common/pico_float/float_init_rom.c.obj
                                 0x46 (size before relaxing)
 .comment       0x00000045        0x0 CMakeFiles/pico_neopixel_objeto.dir/C_/Program_Files/Raspberry_Pi/Pico_SDK_v1.5.1/pico-sdk/src/rp2_common/pico_standard_link/binary_info.c.obj
                                 0x46 (size before relaxing)
 .comment       0x00000045        0x0 CMakeFiles/pico_neopixel_objeto.dir/C_/Program_Files/Raspberry_Pi/Pico_SDK_v1.5.1/pico-sdk/src/rp2_common/pico_stdio/stdio.c.obj
                                 0x46 (size before relaxing)
 .comment       0x00000045        0x0 CMakeFiles/pico_neopixel_objeto.dir/C_/Program_Files/Raspberry_Pi/Pico_SDK_v1.5.1/pico-sdk/src/rp2_common/pico_stdio_uart/stdio_uart.c.obj
                                 0x46 (size before relaxing)
 .comment       0x00000045        0x0 CMakeFiles/pico_neopixel_objeto.dir/C_/Program_Files/Raspberry_Pi/Pico_SDK_v1.5.1/pico-sdk/src/rp2_common/hardware_pio/pio.c.obj
                                 0x46 (size before relaxing)

.debug_line_str
                0x00000000       0xc9
 .debug_line_str
                0x00000000       0xc9 C:/Program Files/Raspberry Pi/Pico SDK v1.5.1/gcc-arm-none-eabi/bin/../lib/gcc/arm-none-eabi/15.2.1/thumb/v6-m/nofp\libgcc.a(_dvmd_tls.o)

.debug_frame    0x00000000       0x20
 .debug_frame   0x00000000       0x20 C:/Program Files/Raspberry Pi/Pico SDK v1.5.1/gcc-arm-none-eabi/bin/../lib/gcc/arm-none-eabi/15.2.1/../../../../arm-none-eabi/lib/thumb/v6-m/nofp\libc.a(libc_a-strlen-stub.o)
